MPLINK 4.49, Linker
Linker Map File - Created Mon Jun 09 12:26:55 2025

                                 Section Info
                  Section       Type    Address   Location Size(Bytes)
                ---------  ---------  ---------  ---------  ---------
                   .org_0       code   0x000000    program   0x000000
                   .org_1       code   0x000000    program   0x0000e0
.config_2007_EJERCICIO9.O       code   0x002007    program   0x000002
.config_2008_EJERCICIO9.O       code   0x002008    program   0x000002



                              Program Memory Usage 
                               Start         End      
                           ---------   ---------      
                            0x000000    0x00006f      
                            0x002007    0x002008      
            114 out of 8455 program addresses used, program memory utilization is 1%



                              Symbols - Sorted by Name
                     Name    Address   Location    Storage File                     
                ---------  ---------  ---------  --------- ---------                
                 ADC_LEER   0x000021    program     static C:\Users\dilan\Desktop\LABORATORIO\Ejercicio9.asm
                 ADC_WAIT   0x000024    program     static C:\Users\dilan\Desktop\LABORATORIO\Ejercicio9.asm
           CONVERTIR_TEMP   0x00002b    program     static C:\Users\dilan\Desktop\LABORATORIO\Ejercicio9.asm
                   INICIO   0x000001    program     static C:\Users\dilan\Desktop\LABORATORIO\Ejercicio9.asm
                 LCD_CHAR   0x000055    program     static C:\Users\dilan\Desktop\LABORATORIO\Ejercicio9.asm
                  LCD_CMD   0x00004c    program     static C:\Users\dilan\Desktop\LABORATORIO\Ejercicio9.asm
              LCD_CMD_CLR   0x000046    program     static C:\Users\dilan\Desktop\LABORATORIO\Ejercicio9.asm
                 LCD_HOME   0x000049    program     static C:\Users\dilan\Desktop\LABORATORIO\Ejercicio9.asm
                 LCD_INIT   0x00003e    program     static C:\Users\dilan\Desktop\LABORATORIO\Ejercicio9.asm
              LCD_MENSAJE   0x00005d    program     static C:\Users\dilan\Desktop\LABORATORIO\Ejercicio9.asm
         LCD_MOSTRAR_TEMP   0x000030    program     static C:\Users\dilan\Desktop\LABORATORIO\Ejercicio9.asm
                     LOOP   0x00001d    program     static C:\Users\dilan\Desktop\LABORATORIO\Ejercicio9.asm



                              Symbols - Sorted by Address
                     Name    Address   Location    Storage File                     
                ---------  ---------  ---------  --------- ---------                
                   INICIO   0x000001    program     static C:\Users\dilan\Desktop\LABORATORIO\Ejercicio9.asm
                     LOOP   0x00001d    program     static C:\Users\dilan\Desktop\LABORATORIO\Ejercicio9.asm
                 ADC_LEER   0x000021    program     static C:\Users\dilan\Desktop\LABORATORIO\Ejercicio9.asm
                 ADC_WAIT   0x000024    program     static C:\Users\dilan\Desktop\LABORATORIO\Ejercicio9.asm
           CONVERTIR_TEMP   0x00002b    program     static C:\Users\dilan\Desktop\LABORATORIO\Ejercicio9.asm
         LCD_MOSTRAR_TEMP   0x000030    program     static C:\Users\dilan\Desktop\LABORATORIO\Ejercicio9.asm
                 LCD_INIT   0x00003e    program     static C:\Users\dilan\Desktop\LABORATORIO\Ejercicio9.asm
              LCD_CMD_CLR   0x000046    program     static C:\Users\dilan\Desktop\LABORATORIO\Ejercicio9.asm
                 LCD_HOME   0x000049    program     static C:\Users\dilan\Desktop\LABORATORIO\Ejercicio9.asm
                  LCD_CMD   0x00004c    program     static C:\Users\dilan\Desktop\LABORATORIO\Ejercicio9.asm
                 LCD_CHAR   0x000055    program     static C:\Users\dilan\Desktop\LABORATORIO\Ejercicio9.asm
              LCD_MENSAJE   0x00005d    program     static C:\Users\dilan\Desktop\LABORATORIO\Ejercicio9.asm


