MPLINK 4.49, Linker
Linker Map File - Created Mon Mar 31 16:14:13 2025

                                 Section Info
                  Section       Type    Address   Location Size(Bytes)
                ---------  ---------  ---------  ---------  ---------
                   .org_0       code   0x000000    program   0x000000
                   .org_1       code   0x000000    program   0x000094
     .config_2007_7SEG2.O       code   0x002007    program   0x000002
     .config_2008_7SEG2.O       code   0x002008    program   0x000002



                              Program Memory Usage 
                               Start         End      
                           ---------   ---------      
                            0x000000    0x000049      
                            0x002007    0x002008      
            76 out of 8455 program addresses used, program memory utilization is 0%



                              Symbols - Sorted by Name
                     Name    Address   Location    Storage File                     
                ---------  ---------  ---------  --------- ---------                
                   CUENTA   0x000022    program     static C:\Users\dilan\Desktop\LABORATORIO\7SEG2.asm
                   INICIO   0x00000c    program     static C:\Users\dilan\Desktop\LABORATORIO\7SEG2.asm
                  MUESTRA   0x00000f    program     static C:\Users\dilan\Desktop\LABORATORIO\7SEG2.asm
                   PDelL1   0x00003e    program     static C:\Users\dilan\Desktop\LABORATORIO\7SEG2.asm
                   PDelL2   0x00003f    program     static C:\Users\dilan\Desktop\LABORATORIO\7SEG2.asm
                   PDelL3   0x000040    program     static C:\Users\dilan\Desktop\LABORATORIO\7SEG2.asm
                   PDelL4   0x000045    program     static C:\Users\dilan\Desktop\LABORATORIO\7SEG2.asm
                   PDelL5   0x000046    program     static C:\Users\dilan\Desktop\LABORATORIO\7SEG2.asm
                   PDelL6   0x000047    program     static C:\Users\dilan\Desktop\LABORATORIO\7SEG2.asm
                   PDelL7   0x000048    program     static C:\Users\dilan\Desktop\LABORATORIO\7SEG2.asm
                   PLoop1   0x00003b    program     static C:\Users\dilan\Desktop\LABORATORIO\7SEG2.asm
                   PLoop2   0x00003d    program     static C:\Users\dilan\Desktop\LABORATORIO\7SEG2.asm
                     SIGO   0x000011    program     static C:\Users\dilan\Desktop\LABORATORIO\7SEG2.asm
                    TABLA   0x00002e    program     static C:\Users\dilan\Desktop\LABORATORIO\7SEG2.asm
                   TIEMPO   0x000039    program     static C:\Users\dilan\Desktop\LABORATORIO\7SEG2.asm



                              Symbols - Sorted by Address
                     Name    Address   Location    Storage File                     
                ---------  ---------  ---------  --------- ---------                
                   INICIO   0x00000c    program     static C:\Users\dilan\Desktop\LABORATORIO\7SEG2.asm
                  MUESTRA   0x00000f    program     static C:\Users\dilan\Desktop\LABORATORIO\7SEG2.asm
                     SIGO   0x000011    program     static C:\Users\dilan\Desktop\LABORATORIO\7SEG2.asm
                   CUENTA   0x000022    program     static C:\Users\dilan\Desktop\LABORATORIO\7SEG2.asm
                    TABLA   0x00002e    program     static C:\Users\dilan\Desktop\LABORATORIO\7SEG2.asm
                   TIEMPO   0x000039    program     static C:\Users\dilan\Desktop\LABORATORIO\7SEG2.asm
                   PLoop1   0x00003b    program     static C:\Users\dilan\Desktop\LABORATORIO\7SEG2.asm
                   PLoop2   0x00003d    program     static C:\Users\dilan\Desktop\LABORATORIO\7SEG2.asm
                   PDelL1   0x00003e    program     static C:\Users\dilan\Desktop\LABORATORIO\7SEG2.asm
                   PDelL2   0x00003f    program     static C:\Users\dilan\Desktop\LABORATORIO\7SEG2.asm
                   PDelL3   0x000040    program     static C:\Users\dilan\Desktop\LABORATORIO\7SEG2.asm
                   PDelL4   0x000045    program     static C:\Users\dilan\Desktop\LABORATORIO\7SEG2.asm
                   PDelL5   0x000046    program     static C:\Users\dilan\Desktop\LABORATORIO\7SEG2.asm
                   PDelL6   0x000047    program     static C:\Users\dilan\Desktop\LABORATORIO\7SEG2.asm
                   PDelL7   0x000048    program     static C:\Users\dilan\Desktop\LABORATORIO\7SEG2.asm


