MPLINK 4.49, Linker
Linker Map File - Created Mon Apr 28 17:10:38 2025

                                 Section Info
                  Section       Type    Address   Location Size(Bytes)
                ---------  ---------  ---------  ---------  ---------
                   .org_0       code   0x000000    program   0x000000
                   .org_1       code   0x000000    program   0x000002
                   .org_2       code   0x000004    program   0x000060
.config_2007_INTERRUPCIONES.O       code   0x002007    program   0x000002
.config_2008_INTERRUPCIONES.O       code   0x002008    program   0x000002



                              Program Memory Usage 
                               Start         End      
                           ---------   ---------      
                            0x000000    0x000000      
                            0x000004    0x000033      
                            0x002007    0x002008      
            51 out of 8455 program addresses used, program memory utilization is 0%



                              Symbols - Sorted by Name
                     Name    Address   Location    Storage File                     
                ---------  ---------  ---------  --------- ---------                
                    BUCLE   0x000021    program     static C:\Users\dilan\Desktop\LABORATORIO\interrupciones.asm
                   BUCLE1   0x000004    program     static C:\Users\dilan\Desktop\LABORATORIO\interrupciones.asm
                   INICIO   0x000008    program     static C:\Users\dilan\Desktop\LABORATORIO\interrupciones.asm
                    INTER   0x000004    program     static C:\Users\dilan\Desktop\LABORATORIO\interrupciones.asm
                   PDelL1   0x000028    program     static C:\Users\dilan\Desktop\LABORATORIO\interrupciones.asm
                   PDelL2   0x000029    program     static C:\Users\dilan\Desktop\LABORATORIO\interrupciones.asm
                   PDelL3   0x00002a    program     static C:\Users\dilan\Desktop\LABORATORIO\interrupciones.asm
                   PDelL4   0x00002f    program     static C:\Users\dilan\Desktop\LABORATORIO\interrupciones.asm
                   PDelL5   0x000030    program     static C:\Users\dilan\Desktop\LABORATORIO\interrupciones.asm
                   PDelL6   0x000031    program     static C:\Users\dilan\Desktop\LABORATORIO\interrupciones.asm
                   PDelL7   0x000032    program     static C:\Users\dilan\Desktop\LABORATORIO\interrupciones.asm
                   PLoop1   0x000025    program     static C:\Users\dilan\Desktop\LABORATORIO\interrupciones.asm
                   PLoop2   0x000027    program     static C:\Users\dilan\Desktop\LABORATORIO\interrupciones.asm
                   TIEMPO   0x000023    program     static C:\Users\dilan\Desktop\LABORATORIO\interrupciones.asm



                              Symbols - Sorted by Address
                     Name    Address   Location    Storage File                     
                ---------  ---------  ---------  --------- ---------                
                   BUCLE1   0x000004    program     static C:\Users\dilan\Desktop\LABORATORIO\interrupciones.asm
                    INTER   0x000004    program     static C:\Users\dilan\Desktop\LABORATORIO\interrupciones.asm
                   INICIO   0x000008    program     static C:\Users\dilan\Desktop\LABORATORIO\interrupciones.asm
                    BUCLE   0x000021    program     static C:\Users\dilan\Desktop\LABORATORIO\interrupciones.asm
                   TIEMPO   0x000023    program     static C:\Users\dilan\Desktop\LABORATORIO\interrupciones.asm
                   PLoop1   0x000025    program     static C:\Users\dilan\Desktop\LABORATORIO\interrupciones.asm
                   PLoop2   0x000027    program     static C:\Users\dilan\Desktop\LABORATORIO\interrupciones.asm
                   PDelL1   0x000028    program     static C:\Users\dilan\Desktop\LABORATORIO\interrupciones.asm
                   PDelL2   0x000029    program     static C:\Users\dilan\Desktop\LABORATORIO\interrupciones.asm
                   PDelL3   0x00002a    program     static C:\Users\dilan\Desktop\LABORATORIO\interrupciones.asm
                   PDelL4   0x00002f    program     static C:\Users\dilan\Desktop\LABORATORIO\interrupciones.asm
                   PDelL5   0x000030    program     static C:\Users\dilan\Desktop\LABORATORIO\interrupciones.asm
                   PDelL6   0x000031    program     static C:\Users\dilan\Desktop\LABORATORIO\interrupciones.asm
                   PDelL7   0x000032    program     static C:\Users\dilan\Desktop\LABORATORIO\interrupciones.asm


