MPLINK 4.49, Linker
Linker Map File - Created Thu Aug 14 15:44:38 2025

                                 Section Info
                  Section       Type    Address   Location Size(Bytes)
                ---------  ---------  ---------  ---------  ---------
                   .org_0       code   0x000000    program   0x000000
                   .org_1       code   0x000000    program   0x000002
                   .org_2       code   0x000004    program   0x00005e
.config_2007_EJERCICIO2COMPARADOR.O       code   0x002007    program   0x000002
.config_2008_EJERCICIO2COMPARADOR.O       code   0x002008    program   0x000002



                              Program Memory Usage 
                               Start         End      
                           ---------   ---------      
                            0x000000    0x000000      
                            0x000004    0x000032      
                            0x002007    0x002008      
            50 out of 8455 program addresses used, program memory utilization is 0%



                              Symbols - Sorted by Name
                     Name    Address   Location    Storage File                     
                ---------  ---------  ---------  --------- ---------                
                    BUCLE   0x00002f    program     static C:\Users\dilan\Desktop\Labo\Ejercicio2Comparador\Ejercicio2Comparador.asm
                   INICIO   0x00000f    program     static C:\Users\dilan\Desktop\Labo\Ejercicio2Comparador\Ejercicio2Comparador.asm
                      ISR   0x000004    program     static C:\Users\dilan\Desktop\Labo\Ejercicio2Comparador\Ejercicio2Comparador.asm



                              Symbols - Sorted by Address
                     Name    Address   Location    Storage File                     
                ---------  ---------  ---------  --------- ---------                
                      ISR   0x000004    program     static C:\Users\dilan\Desktop\Labo\Ejercicio2Comparador\Ejercicio2Comparador.asm
                   INICIO   0x00000f    program     static C:\Users\dilan\Desktop\Labo\Ejercicio2Comparador\Ejercicio2Comparador.asm
                    BUCLE   0x00002f    program     static C:\Users\dilan\Desktop\Labo\Ejercicio2Comparador\Ejercicio2Comparador.asm


