MPLINK 4.49, Linker
Linker Map File - Created Mon Aug 18 17:38:25 2025

                                 Section Info
                  Section       Type    Address   Location Size(Bytes)
                ---------  ---------  ---------  ---------  ---------
                   .org_0       code   0x000000    program   0x000000
                   .org_1       code   0x000000    program   0x000056
       .config_2007_PWM.O       code   0x002007    program   0x000002
       .config_2008_PWM.O       code   0x002008    program   0x000002



                              Program Memory Usage 
                               Start         End      
                           ---------   ---------      
                            0x000000    0x00002a      
                            0x002007    0x002008      
            45 out of 8455 program addresses used, program memory utilization is 0%



                              Symbols - Sorted by Name
                     Name    Address   Location    Storage File                     
                ---------  ---------  ---------  --------- ---------                
                    BUCLE   0x000017    program     static C:\Users\dilan\Desktop\Labo\PWM\PWM.asm
                   INICIO   0x000000    program     static C:\Users\dilan\Desktop\Labo\PWM\PWM.asm
                   PDelL1   0x000028    program     static C:\Users\dilan\Desktop\Labo\PWM\PWM.asm
                   PDelL2   0x000029    program     static C:\Users\dilan\Desktop\Labo\PWM\PWM.asm
                   PLoop0   0x00001d    program     static C:\Users\dilan\Desktop\Labo\PWM\PWM.asm
                   PLoop1   0x00001f    program     static C:\Users\dilan\Desktop\Labo\PWM\PWM.asm
                   PLoop2   0x000021    program     static C:\Users\dilan\Desktop\Labo\PWM\PWM.asm
                   TIEMPO   0x00001b    program     static C:\Users\dilan\Desktop\Labo\PWM\PWM.asm



                              Symbols - Sorted by Address
                     Name    Address   Location    Storage File                     
                ---------  ---------  ---------  --------- ---------                
                   INICIO   0x000000    program     static C:\Users\dilan\Desktop\Labo\PWM\PWM.asm
                    BUCLE   0x000017    program     static C:\Users\dilan\Desktop\Labo\PWM\PWM.asm
                   TIEMPO   0x00001b    program     static C:\Users\dilan\Desktop\Labo\PWM\PWM.asm
                   PLoop0   0x00001d    program     static C:\Users\dilan\Desktop\Labo\PWM\PWM.asm
                   PLoop1   0x00001f    program     static C:\Users\dilan\Desktop\Labo\PWM\PWM.asm
                   PLoop2   0x000021    program     static C:\Users\dilan\Desktop\Labo\PWM\PWM.asm
                   PDelL1   0x000028    program     static C:\Users\dilan\Desktop\Labo\PWM\PWM.asm
                   PDelL2   0x000029    program     static C:\Users\dilan\Desktop\Labo\PWM\PWM.asm


