MPLINK 4.49, Linker
Linker Map File - Created Sun Mar 23 16:41:36 2025

                                 Section Info
                  Section       Type    Address   Location Size(Bytes)
                ---------  ---------  ---------  ---------  ---------
                   .org_0       code   0x000000    program   0x000000
                   .org_1       code   0x000000    program   0x00001e
.config_2007_NEW PROJECT.O       code   0x002007    program   0x000002
.config_2008_NEW PROJECT.O       code   0x002008    program   0x000002



                              Program Memory Usage 
                               Start         End      
                           ---------   ---------      
                            0x000000    0x00000e      
                            0x002007    0x002008      
            17 out of 8455 program addresses used, program memory utilization is 0%



                              Symbols - Sorted by Name
                     Name    Address   Location    Storage File                     
                ---------  ---------  ---------  --------- ---------                
                   Inicio   0x000005    program     static C:\Users\dilan\Desktop\LABORATORIO\NEW PROJECT.asm
                     SIGO   0x00000c    program     static C:\Users\dilan\Desktop\LABORATORIO\NEW PROJECT.asm
                   TIEMPO   0x00000a    program     static C:\Users\dilan\Desktop\LABORATORIO\NEW PROJECT.asm



                              Symbols - Sorted by Address
                     Name    Address   Location    Storage File                     
                ---------  ---------  ---------  --------- ---------                
                   Inicio   0x000005    program     static C:\Users\dilan\Desktop\LABORATORIO\NEW PROJECT.asm
                   TIEMPO   0x00000a    program     static C:\Users\dilan\Desktop\LABORATORIO\NEW PROJECT.asm
                     SIGO   0x00000c    program     static C:\Users\dilan\Desktop\LABORATORIO\NEW PROJECT.asm


