MPLINK 4.49, Linker
Linker Map File - Created Tue Oct 14 15:20:48 2025

                                 Section Info
                  Section       Type    Address   Location Size(Bytes)
                ---------  ---------  ---------  ---------  ---------
                   .org_0       code   0x000000    program   0x000000
                   .org_1       code   0x000000    program   0x000574
.config_2007_PROYECTOFINAL.O       code   0x002007    program   0x000002
.config_2008_PROYECTOFINAL.O       code   0x002008    program   0x000002



                              Program Memory Usage 
                               Start         End      
                           ---------   ---------      
                            0x000000    0x0002b9      
                            0x002007    0x002008      
            700 out of 8455 program addresses used, program memory utilization is 8%



                              Symbols - Sorted by Name
                     Name    Address   Location    Storage File                     
                ---------  ---------  ---------  --------- ---------                
           ACTUALIZAR_PWM   0x0000f7    program     static C:\Users\dilan\OneDrive\Escritorio\Labo\PROYECTO FINAL\ProyectoFinal.asm
                  ARREGLO   0x00024b    program     static C:\Users\dilan\OneDrive\Escritorio\Labo\PROYECTO FINAL\ProyectoFinal.asm
                 CALC_PWM   0x00010b    program     static C:\Users\dilan\OneDrive\Escritorio\Labo\PROYECTO FINAL\ProyectoFinal.asm
                     CAS0   0x00022f    program     static C:\Users\dilan\OneDrive\Escritorio\Labo\PROYECTO FINAL\ProyectoFinal.asm
                     CAS1   0x000236    program     static C:\Users\dilan\OneDrive\Escritorio\Labo\PROYECTO FINAL\ProyectoFinal.asm
                     CAS2   0x00023d    program     static C:\Users\dilan\OneDrive\Escritorio\Labo\PROYECTO FINAL\ProyectoFinal.asm
                     CAS3   0x000244    program     static C:\Users\dilan\OneDrive\Escritorio\Labo\PROYECTO FINAL\ProyectoFinal.asm
                  CENTENA   0x000206    program     static C:\Users\dilan\OneDrive\Escritorio\Labo\PROYECTO FINAL\ProyectoFinal.asm
               CHECK_HIGH   0x0000e8    program     static C:\Users\dilan\OneDrive\Escritorio\Labo\PROYECTO FINAL\ProyectoFinal.asm
              CHECK_LOW_L   0x000101    program     static C:\Users\dilan\OneDrive\Escritorio\Labo\PROYECTO FINAL\ProyectoFinal.asm
                 COMANDO1   0x000064    program     static C:\Users\dilan\OneDrive\Escritorio\Labo\PROYECTO FINAL\ProyectoFinal.asm
                 COMANDO2   0x000061    program     static C:\Users\dilan\OneDrive\Escritorio\Labo\PROYECTO FINAL\ProyectoFinal.asm
                 COMANDO3   0x00005e    program     static C:\Users\dilan\OneDrive\Escritorio\Labo\PROYECTO FINAL\ProyectoFinal.asm
                 COMANDO4   0x000068    program     static C:\Users\dilan\OneDrive\Escritorio\Labo\PROYECTO FINAL\ProyectoFinal.asm
                 COMANDO5   0x00006e    program     static C:\Users\dilan\OneDrive\Escritorio\Labo\PROYECTO FINAL\ProyectoFinal.asm
                 COMANDOB   0x000192    program     static C:\Users\dilan\OneDrive\Escritorio\Labo\PROYECTO FINAL\ProyectoFinal.asm
 COMPARAR_POT3_CON_EEPROM   0x0000de    program     static C:\Users\dilan\OneDrive\Escritorio\Labo\PROYECTO FINAL\ProyectoFinal.asm
                  CORREXC   0x000262    program     static C:\Users\dilan\OneDrive\Escritorio\Labo\PROYECTO FINAL\ProyectoFinal.asm
                  CORREXD   0x00025d    program     static C:\Users\dilan\OneDrive\Escritorio\Labo\PROYECTO FINAL\ProyectoFinal.asm
                  CORREXU   0x000258    program     static C:\Users\dilan\OneDrive\Escritorio\Labo\PROYECTO FINAL\ProyectoFinal.asm
                   DECENA   0x00020e    program     static C:\Users\dilan\OneDrive\Escritorio\Labo\PROYECTO FINAL\ProyectoFinal.asm
                DELAY_ADC   0x000267    program     static C:\Users\dilan\OneDrive\Escritorio\Labo\PROYECTO FINAL\ProyectoFinal.asm
                  DESCOMP   0x000202    program     static C:\Users\dilan\OneDrive\Escritorio\Labo\PROYECTO FINAL\ProyectoFinal.asm
       DESCOMPONERVALORES   0x00026d    program     static C:\Users\dilan\OneDrive\Escritorio\Labo\PROYECTO FINAL\ProyectoFinal.asm
 DESCOMPONERVALORESSENSOR   0x00028c    program     static C:\Users\dilan\OneDrive\Escritorio\Labo\PROYECTO FINAL\ProyectoFinal.asm
                   ENABLE   0x000074    program     static C:\Users\dilan\OneDrive\Escritorio\Labo\PROYECTO FINAL\ProyectoFinal.asm
              END_COMPARE   0x0000f2    program     static C:\Users\dilan\OneDrive\Escritorio\Labo\PROYECTO FINAL\ProyectoFinal.asm
                  END_PWM   0x000126    program     static C:\Users\dilan\OneDrive\Escritorio\Labo\PROYECTO FINAL\ProyectoFinal.asm
           ESCRIBIREEPROM   0x00013c    program     static C:\Users\dilan\OneDrive\Escritorio\Labo\PROYECTO FINAL\ProyectoFinal.asm
                  ESPERA1   0x0000af    program     static C:\Users\dilan\OneDrive\Escritorio\Labo\PROYECTO FINAL\ProyectoFinal.asm
                  ESPERA2   0x0000bf    program     static C:\Users\dilan\OneDrive\Escritorio\Labo\PROYECTO FINAL\ProyectoFinal.asm
                  ESPERA3   0x0000cf    program     static C:\Users\dilan\OneDrive\Escritorio\Labo\PROYECTO FINAL\ProyectoFinal.asm
               ESPERA_ADC   0x000269    program     static C:\Users\dilan\OneDrive\Escritorio\Labo\PROYECTO FINAL\ProyectoFinal.asm
           GUARDAR_EEPROM   0x000127    program     static C:\Users\dilan\OneDrive\Escritorio\Labo\PROYECTO FINAL\ProyectoFinal.asm
                   INICIO   0x00000d    program     static C:\Users\dilan\OneDrive\Escritorio\Labo\PROYECTO FINAL\ProyectoFinal.asm
              LCD_CONFIG2   0x000190    program     static C:\Users\dilan\OneDrive\Escritorio\Labo\PROYECTO FINAL\ProyectoFinal.asm
                 LCD_INIT   0x00005c    program     static C:\Users\dilan\OneDrive\Escritorio\Labo\PROYECTO FINAL\ProyectoFinal.asm
               LEEREEPROM   0x000042    program     static C:\Users\dilan\OneDrive\Escritorio\Labo\PROYECTO FINAL\ProyectoFinal.asm
                LEER_POT1   0x0000ae    program     static C:\Users\dilan\OneDrive\Escritorio\Labo\PROYECTO FINAL\ProyectoFinal.asm
                LEER_POT2   0x0000be    program     static C:\Users\dilan\OneDrive\Escritorio\Labo\PROYECTO FINAL\ProyectoFinal.asm
                LEER_POT3   0x0000ce    program     static C:\Users\dilan\OneDrive\Escritorio\Labo\PROYECTO FINAL\ProyectoFinal.asm
            LEER_UMBRALES   0x00002d    program     static C:\Users\dilan\OneDrive\Escritorio\Labo\PROYECTO FINAL\ProyectoFinal.asm
                   LIMPIO   0x00018f    program     static C:\Users\dilan\OneDrive\Escritorio\Labo\PROYECTO FINAL\ProyectoFinal.asm
              MOSTRAR_LCD   0x00015b    program     static C:\Users\dilan\OneDrive\Escritorio\Labo\PROYECTO FINAL\ProyectoFinal.asm
       MOSTRAR_LCD_SENSOR   0x000196    program     static C:\Users\dilan\OneDrive\Escritorio\Labo\PROYECTO FINAL\ProyectoFinal.asm
                MOTOR_OFF   0x0000f5    program     static C:\Users\dilan\OneDrive\Escritorio\Labo\PROYECTO FINAL\ProyectoFinal.asm
                 MOTOR_ON   0x0000f3    program     static C:\Users\dilan\OneDrive\Escritorio\Labo\PROYECTO FINAL\ProyectoFinal.asm
                PRINCIPAL   0x00001c    program     static C:\Users\dilan\OneDrive\Escritorio\Labo\PROYECTO FINAL\ProyectoFinal.asm
                  PWM_MAX   0x000122    program     static C:\Users\dilan\OneDrive\Escritorio\Labo\PROYECTO FINAL\ProyectoFinal.asm
                 PWM_ZERO   0x000125    program     static C:\Users\dilan\OneDrive\Escritorio\Labo\PROYECTO FINAL\ProyectoFinal.asm
                   REVCAS   0x00021e    program     static C:\Users\dilan\OneDrive\Escritorio\Labo\PROYECTO FINAL\ProyectoFinal.asm
                   RUTINA   0x000053    program     static C:\Users\dilan\OneDrive\Escritorio\Labo\PROYECTO FINAL\ProyectoFinal.asm
                SETUP_ADC   0x000081    program     static C:\Users\dilan\OneDrive\Escritorio\Labo\PROYECTO FINAL\ProyectoFinal.asm
                SETUP_PWM   0x00009b    program     static C:\Users\dilan\OneDrive\Escritorio\Labo\PROYECTO FINAL\ProyectoFinal.asm
                    SIGO2   0x00007a    program     static C:\Users\dilan\OneDrive\Escritorio\Labo\PROYECTO FINAL\ProyectoFinal.asm
                   TABLA1   0x000001    program     static C:\Users\dilan\OneDrive\Escritorio\Labo\PROYECTO FINAL\ProyectoFinal.asm
                   TIEMPO   0x0001f5    program     static C:\Users\dilan\OneDrive\Escritorio\Labo\PROYECTO FINAL\ProyectoFinal.asm
                  TIEMPO2   0x000078    program     static C:\Users\dilan\OneDrive\Escritorio\Labo\PROYECTO FINAL\ProyectoFinal.asm
                   UNIDAD   0x000216    program     static C:\Users\dilan\OneDrive\Escritorio\Labo\PROYECTO FINAL\ProyectoFinal.asm
           WAIT_GIE_CLEAR   0x00014d    program     static C:\Users\dilan\OneDrive\Escritorio\Labo\PROYECTO FINAL\ProyectoFinal.asm
               WAIT_WRITE   0x000154    program     static C:\Users\dilan\OneDrive\Escritorio\Labo\PROYECTO FINAL\ProyectoFinal.asm



                              Symbols - Sorted by Address
                     Name    Address   Location    Storage File                     
                ---------  ---------  ---------  --------- ---------                
                   TABLA1   0x000001    program     static C:\Users\dilan\OneDrive\Escritorio\Labo\PROYECTO FINAL\ProyectoFinal.asm
                   INICIO   0x00000d    program     static C:\Users\dilan\OneDrive\Escritorio\Labo\PROYECTO FINAL\ProyectoFinal.asm
                PRINCIPAL   0x00001c    program     static C:\Users\dilan\OneDrive\Escritorio\Labo\PROYECTO FINAL\ProyectoFinal.asm
            LEER_UMBRALES   0x00002d    program     static C:\Users\dilan\OneDrive\Escritorio\Labo\PROYECTO FINAL\ProyectoFinal.asm
               LEEREEPROM   0x000042    program     static C:\Users\dilan\OneDrive\Escritorio\Labo\PROYECTO FINAL\ProyectoFinal.asm
                   RUTINA   0x000053    program     static C:\Users\dilan\OneDrive\Escritorio\Labo\PROYECTO FINAL\ProyectoFinal.asm
                 LCD_INIT   0x00005c    program     static C:\Users\dilan\OneDrive\Escritorio\Labo\PROYECTO FINAL\ProyectoFinal.asm
                 COMANDO3   0x00005e    program     static C:\Users\dilan\OneDrive\Escritorio\Labo\PROYECTO FINAL\ProyectoFinal.asm
                 COMANDO2   0x000061    program     static C:\Users\dilan\OneDrive\Escritorio\Labo\PROYECTO FINAL\ProyectoFinal.asm
                 COMANDO1   0x000064    program     static C:\Users\dilan\OneDrive\Escritorio\Labo\PROYECTO FINAL\ProyectoFinal.asm
                 COMANDO4   0x000068    program     static C:\Users\dilan\OneDrive\Escritorio\Labo\PROYECTO FINAL\ProyectoFinal.asm
                 COMANDO5   0x00006e    program     static C:\Users\dilan\OneDrive\Escritorio\Labo\PROYECTO FINAL\ProyectoFinal.asm
                   ENABLE   0x000074    program     static C:\Users\dilan\OneDrive\Escritorio\Labo\PROYECTO FINAL\ProyectoFinal.asm
                  TIEMPO2   0x000078    program     static C:\Users\dilan\OneDrive\Escritorio\Labo\PROYECTO FINAL\ProyectoFinal.asm
                    SIGO2   0x00007a    program     static C:\Users\dilan\OneDrive\Escritorio\Labo\PROYECTO FINAL\ProyectoFinal.asm
                SETUP_ADC   0x000081    program     static C:\Users\dilan\OneDrive\Escritorio\Labo\PROYECTO FINAL\ProyectoFinal.asm
                SETUP_PWM   0x00009b    program     static C:\Users\dilan\OneDrive\Escritorio\Labo\PROYECTO FINAL\ProyectoFinal.asm
                LEER_POT1   0x0000ae    program     static C:\Users\dilan\OneDrive\Escritorio\Labo\PROYECTO FINAL\ProyectoFinal.asm
                  ESPERA1   0x0000af    program     static C:\Users\dilan\OneDrive\Escritorio\Labo\PROYECTO FINAL\ProyectoFinal.asm
                LEER_POT2   0x0000be    program     static C:\Users\dilan\OneDrive\Escritorio\Labo\PROYECTO FINAL\ProyectoFinal.asm
                  ESPERA2   0x0000bf    program     static C:\Users\dilan\OneDrive\Escritorio\Labo\PROYECTO FINAL\ProyectoFinal.asm
                LEER_POT3   0x0000ce    program     static C:\Users\dilan\OneDrive\Escritorio\Labo\PROYECTO FINAL\ProyectoFinal.asm
                  ESPERA3   0x0000cf    program     static C:\Users\dilan\OneDrive\Escritorio\Labo\PROYECTO FINAL\ProyectoFinal.asm
 COMPARAR_POT3_CON_EEPROM   0x0000de    program     static C:\Users\dilan\OneDrive\Escritorio\Labo\PROYECTO FINAL\ProyectoFinal.asm
               CHECK_HIGH   0x0000e8    program     static C:\Users\dilan\OneDrive\Escritorio\Labo\PROYECTO FINAL\ProyectoFinal.asm
              END_COMPARE   0x0000f2    program     static C:\Users\dilan\OneDrive\Escritorio\Labo\PROYECTO FINAL\ProyectoFinal.asm
                 MOTOR_ON   0x0000f3    program     static C:\Users\dilan\OneDrive\Escritorio\Labo\PROYECTO FINAL\ProyectoFinal.asm
                MOTOR_OFF   0x0000f5    program     static C:\Users\dilan\OneDrive\Escritorio\Labo\PROYECTO FINAL\ProyectoFinal.asm
           ACTUALIZAR_PWM   0x0000f7    program     static C:\Users\dilan\OneDrive\Escritorio\Labo\PROYECTO FINAL\ProyectoFinal.asm
              CHECK_LOW_L   0x000101    program     static C:\Users\dilan\OneDrive\Escritorio\Labo\PROYECTO FINAL\ProyectoFinal.asm
                 CALC_PWM   0x00010b    program     static C:\Users\dilan\OneDrive\Escritorio\Labo\PROYECTO FINAL\ProyectoFinal.asm
                  PWM_MAX   0x000122    program     static C:\Users\dilan\OneDrive\Escritorio\Labo\PROYECTO FINAL\ProyectoFinal.asm
                 PWM_ZERO   0x000125    program     static C:\Users\dilan\OneDrive\Escritorio\Labo\PROYECTO FINAL\ProyectoFinal.asm
                  END_PWM   0x000126    program     static C:\Users\dilan\OneDrive\Escritorio\Labo\PROYECTO FINAL\ProyectoFinal.asm
           GUARDAR_EEPROM   0x000127    program     static C:\Users\dilan\OneDrive\Escritorio\Labo\PROYECTO FINAL\ProyectoFinal.asm
           ESCRIBIREEPROM   0x00013c    program     static C:\Users\dilan\OneDrive\Escritorio\Labo\PROYECTO FINAL\ProyectoFinal.asm
           WAIT_GIE_CLEAR   0x00014d    program     static C:\Users\dilan\OneDrive\Escritorio\Labo\PROYECTO FINAL\ProyectoFinal.asm
               WAIT_WRITE   0x000154    program     static C:\Users\dilan\OneDrive\Escritorio\Labo\PROYECTO FINAL\ProyectoFinal.asm
              MOSTRAR_LCD   0x00015b    program     static C:\Users\dilan\OneDrive\Escritorio\Labo\PROYECTO FINAL\ProyectoFinal.asm
                   LIMPIO   0x00018f    program     static C:\Users\dilan\OneDrive\Escritorio\Labo\PROYECTO FINAL\ProyectoFinal.asm
              LCD_CONFIG2   0x000190    program     static C:\Users\dilan\OneDrive\Escritorio\Labo\PROYECTO FINAL\ProyectoFinal.asm
                 COMANDOB   0x000192    program     static C:\Users\dilan\OneDrive\Escritorio\Labo\PROYECTO FINAL\ProyectoFinal.asm
       MOSTRAR_LCD_SENSOR   0x000196    program     static C:\Users\dilan\OneDrive\Escritorio\Labo\PROYECTO FINAL\ProyectoFinal.asm
                   TIEMPO   0x0001f5    program     static C:\Users\dilan\OneDrive\Escritorio\Labo\PROYECTO FINAL\ProyectoFinal.asm
                  DESCOMP   0x000202    program     static C:\Users\dilan\OneDrive\Escritorio\Labo\PROYECTO FINAL\ProyectoFinal.asm
                  CENTENA   0x000206    program     static C:\Users\dilan\OneDrive\Escritorio\Labo\PROYECTO FINAL\ProyectoFinal.asm
                   DECENA   0x00020e    program     static C:\Users\dilan\OneDrive\Escritorio\Labo\PROYECTO FINAL\ProyectoFinal.asm
                   UNIDAD   0x000216    program     static C:\Users\dilan\OneDrive\Escritorio\Labo\PROYECTO FINAL\ProyectoFinal.asm
                   REVCAS   0x00021e    program     static C:\Users\dilan\OneDrive\Escritorio\Labo\PROYECTO FINAL\ProyectoFinal.asm
                     CAS0   0x00022f    program     static C:\Users\dilan\OneDrive\Escritorio\Labo\PROYECTO FINAL\ProyectoFinal.asm
                     CAS1   0x000236    program     static C:\Users\dilan\OneDrive\Escritorio\Labo\PROYECTO FINAL\ProyectoFinal.asm
                     CAS2   0x00023d    program     static C:\Users\dilan\OneDrive\Escritorio\Labo\PROYECTO FINAL\ProyectoFinal.asm
                     CAS3   0x000244    program     static C:\Users\dilan\OneDrive\Escritorio\Labo\PROYECTO FINAL\ProyectoFinal.asm
                  ARREGLO   0x00024b    program     static C:\Users\dilan\OneDrive\Escritorio\Labo\PROYECTO FINAL\ProyectoFinal.asm
                  CORREXU   0x000258    program     static C:\Users\dilan\OneDrive\Escritorio\Labo\PROYECTO FINAL\ProyectoFinal.asm
                  CORREXD   0x00025d    program     static C:\Users\dilan\OneDrive\Escritorio\Labo\PROYECTO FINAL\ProyectoFinal.asm
                  CORREXC   0x000262    program     static C:\Users\dilan\OneDrive\Escritorio\Labo\PROYECTO FINAL\ProyectoFinal.asm
                DELAY_ADC   0x000267    program     static C:\Users\dilan\OneDrive\Escritorio\Labo\PROYECTO FINAL\ProyectoFinal.asm
               ESPERA_ADC   0x000269    program     static C:\Users\dilan\OneDrive\Escritorio\Labo\PROYECTO FINAL\ProyectoFinal.asm
       DESCOMPONERVALORES   0x00026d    program     static C:\Users\dilan\OneDrive\Escritorio\Labo\PROYECTO FINAL\ProyectoFinal.asm
 DESCOMPONERVALORESSENSOR   0x00028c    program     static C:\Users\dilan\OneDrive\Escritorio\Labo\PROYECTO FINAL\ProyectoFinal.asm


