MPASM  5.51                 PROYECTOFINAL.ASM   10-13-2025  0:25:16         PAGE  1


LOC  OBJECT CODE     LINE SOURCE TEXT
  VALUE

                      00001 ;=====================
                      00002 ; EEPROM + 2 POTENCIOMETROS + LCD (PORTD y PORTE)
                      00003 ;=====================
                      00004 
                      00005     #INCLUDE "P16F887.INC"
                      00001         LIST
                      00002 
                      00003 ;==========================================================================
                      00004 ;  MPASM PIC16F887 processor include
                      00005 ; 
                      00006 ;  (c) Copyright 1999-2013 Microchip Technology, All rights reserved
                      00007 ;==========================================================================
                      00008 
                      00809         LIST
                      00006     
2007   2FE1           00007     __CONFIG _CONFIG1, (_CP_OFF & _WDT_OFF & _PWRTE_ON & _XT_OSC & _LVP_OFF)
2008   3EFF           00008     __CONFIG _CONFIG2, _BOR21V
                      00009 
                      00010 ;===== REGISTROS =====
  00000020            00011 VAL1      EQU 0x20
  00000021            00012 VAL2      EQU 0x21
  00000022            00013 REG1      EQU 0x22
  00000023            00014 REG2     EQU 0x23  
  00000024            00015 REG3     EQU 0x24  
  00000025            00016 REG4     EQU 0x25
  00000026            00017 REG5      EQU 0X26
  00000027            00018 REGSL     EQU 0X27
  00000028            00019 REGSH     EQU 0X28
  0000002A            00020 REGC1 EQU 0X2A
  0000002B            00021 REGD1 EQU 0X2B
  0000002C            00022 REGU1 EQU 0X2C
  0000002D            00023 REGC2 EQU 0X2D
  0000002E            00024 REGD2 EQU 0X2E
  0000002F            00025 REGU2 EQU 0X2F
  00000030            00026 REGM  EQU 0X30
  00000031            00027 REGC  EQU 0X31
  00000032            00028 REGD  EQU 0X32
  00000033            00029 REGU  EQU 0X33
                      00030 
                      00031 ;===== INICIO =====
0000                  00032     ORG 0x00
0000   2847           00033     GOTO INICIO
                      00034 
                      00035 ;=====================
                      00036 ; CONFIGURACIÓN LCD
                      00037 ;=====================
                      00038 ;=== CONFIGURACION LDC ===
0001                  00039 LCD_INIT
0001   1009           00040         BCF PORTE,0
0002   1089           00041         BCF PORTE,1
0003                  00042 COMANDO3 ;######MODO ENTRADA CARACTERES#####
0003   3006           00043         MOVLW B'00000110'
0004   0088           00044         MOVWF PORTD
MPASM  5.51                 PROYECTOFINAL.ASM   10-13-2025  0:25:16         PAGE  2


LOC  OBJECT CODE     LINE SOURCE TEXT
  VALUE

0005   2019           00045         CALL ENABLE
0006                  00046 COMANDO2 ;########APAGADO ENCENDIDO PANTALLA######
0006   300F           00047         MOVLW B'00001111'
0007   0088           00048         MOVWF PORTD
0008   2019           00049         CALL ENABLE
0009                  00050 COMANDO1 ;#############FUNCION SET##########
0009   303C           00051         MOVLW B'00111100'
000A   0088           00052         MOVWF PORTD
000B   2019           00053         CALL ENABLE
000C   0008           00054         RETURN
000D                  00055 COMANDO4 ;######CURSOR HOME#####
000D   1009           00056         BCF PORTE,0
000E   1089           00057         BCF PORTE,1
000F   3002           00058         MOVLW B'00000010'
0010   0088           00059         MOVWF PORTD
0011   2019           00060         CALL ENABLE
0012   0008           00061         RETURN
0013                  00062 COMANDO5 ;####BORRADO DE PANTALLA
0013   1009           00063         BCF PORTE,0
0014   1089           00064         BCF PORTE,1
0015   3001           00065         MOVLW B'00000001'
0016   0088           00066         MOVWF PORTD
0017   2019           00067         CALL ENABLE
0018   0008           00068         RETURN  
                      00069 
0019                  00070 ENABLE
0019   1509           00071         BSF PORTE,2
001A   201D           00072         CALL TIEMPO2
001B   1109           00073         BCF PORTE,2
001C   0008           00074         RETURN
                      00075 
001D                  00076 TIEMPO2
001D   300D           00077         MOVLW .13
001E   00A5           00078         MOVWF REG4
001F                  00079 SIGO2
001F   30FF           00080         MOVLW .255
0020   00A6           00081         MOVWF REG5
Message[305]: Using default destination of 1 (file).
0021   0BA6           00082         DECFSZ REG5
0022   2821           00083         GOTO $-.1
Message[305]: Using default destination of 1 (file).
0023   0BA5           00084         DECFSZ REG4
0024   281F           00085         GOTO SIGO2
                      00086 
Warning[203]: Found opcode in column 1. (RETURN)
0025   0008           00087 RETURN
                      00088 
                      00089 ;=====================
                      00090 ; CONFIGURACIÓN ADC
                      00091 ;=====================
0026                  00092 SETUP_ADC
0026   1683 1703      00093         BANKSEL ANSEL ;selecciono el banco 3
Message[302]: Register in operand not in bank 0.  Ensure that bank bits are correct.
MPASM  5.51                 PROYECTOFINAL.ASM   10-13-2025  0:25:16         PAGE  3


LOC  OBJECT CODE     LINE SOURCE TEXT
  VALUE

0028   0189           00094         CLRF ANSELH
Message[302]: Register in operand not in bank 0.  Ensure that bank bits are correct.
0029   0188           00095         CLRF ANSEL    
Message[302]: Register in operand not in bank 0.  Ensure that bank bits are correct.
002A   1408           00096         BSF ANSEL,0   ;limpio los analógicos, menos el RA0/AN0
Message[302]: Register in operand not in bank 0.  Ensure that bank bits are correct.
002B   1488           00097         BSF ANSEL,1       ;limpio los analógicos, menos el RA1/AN1
                      00098 
002C   1683 1303      00099         BANKSEL TRISA
Message[302]: Register in operand not in bank 0.  Ensure that bank bits are correct.
002E   0185           00100         CLRF TRISA
Message[302]: Register in operand not in bank 0.  Ensure that bank bits are correct.
002F   1405           00101         BSF TRISA,0            ; RA0 entrada
Message[302]: Register in operand not in bank 0.  Ensure that bank bits are correct.
0030   1485           00102         BSF TRISA,1            ; RA1 entrada
Message[302]: Register in operand not in bank 0.  Ensure that bank bits are correct.
0031   0188           00103         CLRF TRISD    ; declaro como salida los pines del bus de datos 8 bits
Message[302]: Register in operand not in bank 0.  Ensure that bank bits are correct.
0032   0189           00104         CLRF TRISE    ; declaro como salida los pines de control RW RS y E
                      00105 
0033   1683 1303      00106         BANKSEL ADCON1
0035   3080           00107         MOVLW b'10000000'      ; Justificación derecha
Message[302]: Register in operand not in bank 0.  Ensure that bank bits are correct.
0036   009F           00108         MOVWF ADCON1
                      00109 
0037   1283 1303      00110         BANKSEL ADCON0
0039   3041           00111         MOVLW b'01000001'      ; Canal AN0 (por defecto), ADC ON
003A   009F           00112         MOVWF ADCON0
003B   0188           00113         CLRF PORTD      ;LIMPIO VALORES PARA EL MÓDULO LCD (BUS Y PINES CONTROL)
003C   0189           00114         CLRF PORTE
003D   0008           00115         RETURN
                      00116 
003E                  00117 LEER_ADC
003E   149F           00118     BSF ADCON0,GO_DONE
003F                  00119 ESPERA
003F   189F           00120     BTFSC ADCON0,GO_DONE
0040   283F           00121     GOTO ESPERA
0041   1683 1303      00122     BANKSEL ADRESL
Message[302]: Register in operand not in bank 0.  Ensure that bank bits are correct.
0043   081E           00123     MOVF ADRESL,W
0044   1283 1303      00124     BANKSEL PORTC
0046   0008           00125     RETURN
                      00126 
                      00127 ;=====================
                      00128 ; PROGRAMA PRINCIPAL
                      00129 ;=====================
0047                  00130 INICIO
0047   1683 1303      00131         BANKSEL TRISB
Message[302]: Register in operand not in bank 0.  Ensure that bank bits are correct.
0049   1506           00132         BSF TRISB,2            ; Botón guardar
Message[302]: Register in operand not in bank 0.  Ensure that bank bits are correct.
004A   0188           00133         CLRF TRISD
Message[302]: Register in operand not in bank 0.  Ensure that bank bits are correct.
MPASM  5.51                 PROYECTOFINAL.ASM   10-13-2025  0:25:16         PAGE  4


LOC  OBJECT CODE     LINE SOURCE TEXT
  VALUE

004B   0189           00134         CLRF TRISE
                      00135 
004C   1283 1303      00136         BANKSEL PORTB
004E   0186           00137         CLRF PORTB
004F   0188           00138         CLRF PORTD
0050   0189           00139         CLRF PORTE
                      00140 
0051   2001           00141         CALL LCD_INIT
0052   2026           00142         CALL SETUP_ADC
                      00143 
0053                  00144 PRINCIPAL
                      00145         ; Leer POT 1 (AN1)
0053   111F           00146         BCF ADCON0,CHS0
0054   119F           00147         BCF ADCON0,CHS1
0055   121F           00148         BCF ADCON0,CHS2
0056   203E           00149         CALL LEER_ADC
0057   00A0           00150         MOVWF VAL1
                      00151 
                      00152         ; Leer POT 2 (AN2)
0058   151F           00153         BSF ADCON0,CHS0
0059   119F           00154         BCF ADCON0,CHS1
005A   121F           00155         BCF ADCON0,CHS2
005B   203E           00156         CALL LEER_ADC
005C   00A1           00157         MOVWF VAL2
                      00158 
                      00159         ; Mostrar valores
005D   207B           00160         CALL MOSTRAR_LCD
                      00161 
                      00162         ; Si se presiona botón, guardar EEPROM
005E   1283 1303      00163         BANKSEL PORTB
0060   1D06           00164         BTFSS PORTB,2
0061   2853           00165         GOTO PRINCIPAL
0062   2064           00166         CALL GUARDAR_EEPROM
0063   2853           00167         GOTO PRINCIPAL
                      00168 
                      00169 ;=====================
                      00170 ; GUARDAR EEPROM
                      00171 ;=====================
0064                  00172 GUARDAR_EEPROM
                      00173         ; Guarda VAL1
0064   3000           00174         MOVLW 0x00
Message[302]: Register in operand not in bank 0.  Ensure that bank bits are correct.
0065   008D           00175         MOVWF EEADR
0066   0820           00176         MOVF VAL1,W
Message[302]: Register in operand not in bank 0.  Ensure that bank bits are correct.
0067   008C           00177         MOVWF EEDAT
0068   206F           00178         CALL ESCRIBIR
                      00179 
                      00180         ; Guarda VAL2
0069   3001           00181         MOVLW 0x01
Message[302]: Register in operand not in bank 0.  Ensure that bank bits are correct.
006A   008D           00182         MOVWF EEADR
006B   0821           00183         MOVF VAL2,W
MPASM  5.51                 PROYECTOFINAL.ASM   10-13-2025  0:25:16         PAGE  5


LOC  OBJECT CODE     LINE SOURCE TEXT
  VALUE

Message[302]: Register in operand not in bank 0.  Ensure that bank bits are correct.
006C   008C           00184         MOVWF EEDAT
006D   206F           00185         CALL ESCRIBIR
006E   0008           00186         RETURN
                      00187 
006F                  00188 ESCRIBIR
006F   1683 1703      00189         BANKSEL EECON1
Message[302]: Register in operand not in bank 0.  Ensure that bank bits are correct.
0071   150C           00190         BSF EECON1,WREN
0072   3055           00191         MOVLW 0x55
Message[302]: Register in operand not in bank 0.  Ensure that bank bits are correct.
0073   008D           00192         MOVWF EECON2
0074   30AA           00193         MOVLW 0xAA
Message[302]: Register in operand not in bank 0.  Ensure that bank bits are correct.
0075   008D           00194         MOVWF EECON2
Message[302]: Register in operand not in bank 0.  Ensure that bank bits are correct.
0076   148C           00195         BSF EECON1,WR
0077                  00196 ESPERA_WR
Message[302]: Register in operand not in bank 0.  Ensure that bank bits are correct.
0077   188C           00197         BTFSC EECON1,WR
0078   2877           00198         GOTO ESPERA_WR
Message[302]: Register in operand not in bank 0.  Ensure that bank bits are correct.
0079   110C           00199         BCF EECON1,WREN
007A   0008           00200         RETURN
                      00201 
                      00202 ;=====================
                      00203 ; MOSTRAR EN LCD
                      00204 ;=====================
007B                  00205 MOSTRAR_LCD
007B   1409           00206         BSF PORTE,0     ; RS=1 (datos)
007C   1089           00207         BCF PORTE,1     ; RW=0
                      00208 
                      00209         ; --- Mostrar "B:" ---
007D   3042           00210         MOVLW 'B'
007E   0088           00211         MOVWF PORTD
007F   2019           00212         CALL ENABLE
0080   303A           00213         MOVLW ':'
0081   0088           00214         MOVWF PORTD
0082   2019           00215         CALL ENABLE
                      00216 
                      00217         ; --- Descomponer VAL1 ---
0083   0820           00218         MOVF VAL1,W
0084   00A7           00219         MOVWF REGSL
0085   20CC           00220         CALL DESCOMP
                      00221         ; Copiar resultados
0086   0831           00222         MOVF REGC,W
0087   00AA           00223         MOVWF REGC1
0088   0832           00224         MOVF REGD,W
0089   00AB           00225         MOVWF REGD1
008A   0833           00226         MOVF REGU,W
008B   00AC           00227         MOVWF REGU1
                      00228 
                      00229         ; --- Descomponer VAL2 ---
MPASM  5.51                 PROYECTOFINAL.ASM   10-13-2025  0:25:16         PAGE  6


LOC  OBJECT CODE     LINE SOURCE TEXT
  VALUE

008C   0821           00230         MOVF VAL2,W
008D   00A7           00231         MOVWF REGSL
008E   20CC           00232         CALL DESCOMP
008F   0831           00233         MOVF REGC,W
0090   00AD           00234         MOVWF REGC2
0091   0832           00235         MOVF REGD,W
0092   00AE           00236         MOVWF REGD2
0093   0833           00237         MOVF REGU,W
0094   00AF           00238         MOVWF REGU2
                      00239 
                      00240         ; --- Mostrar VAL1 ---
0095   082A           00241         MOVF REGC1,W
0096   3E30           00242         ADDLW '0'
0097   0088           00243         MOVWF PORTD
0098   2019           00244         CALL ENABLE
                      00245 
0099   082B           00246         MOVF REGD1,W
009A   3E30           00247         ADDLW '0'
009B   0088           00248         MOVWF PORTD
009C   2019           00249         CALL ENABLE
                      00250 
009D   082C           00251         MOVF REGU1,W
009E   3E30           00252         ADDLW '0'
009F   0088           00253         MOVWF PORTD
00A0   2019           00254         CALL ENABLE
                      00255 
                      00256         ; Espacio
00A1   3020           00257         MOVLW ' '
00A2   0088           00258         MOVWF PORTD
00A3   2019           00259         CALL ENABLE
                      00260 
                      00261         ; --- Mostrar "A:" ---
00A4   3041           00262         MOVLW 'A'
00A5   0088           00263         MOVWF PORTD
00A6   2019           00264         CALL ENABLE
00A7   303A           00265         MOVLW ':'
00A8   0088           00266         MOVWF PORTD
00A9   2019           00267         CALL ENABLE
                      00268 
                      00269         ; --- Mostrar VAL2 ---
00AA   082D           00270         MOVF REGC2,W
00AB   3E30           00271         ADDLW '0'
00AC   0088           00272         MOVWF PORTD
00AD   2019           00273         CALL ENABLE
                      00274 
00AE   082E           00275         MOVF REGD2,W
00AF   3E30           00276         ADDLW '0'
00B0   0088           00277         MOVWF PORTD
00B1   2019           00278         CALL ENABLE
                      00279 
00B2   082F           00280         MOVF REGU2,W
00B3   3E30           00281         ADDLW '0'
00B4   0088           00282         MOVWF PORTD
MPASM  5.51                 PROYECTOFINAL.ASM   10-13-2025  0:25:16         PAGE  7


LOC  OBJECT CODE     LINE SOURCE TEXT
  VALUE

00B5   2019           00283         CALL ENABLE
                      00284 
00B6   20B8           00285         CALL LIMPIO
                      00286 
00B7   0008           00287         RETURN
                      00288 
00B8                  00289 LIMPIO
00B8   20BF           00290         CALL TIEMPO
Warning[207]: Found label after column 1. (LCD_CONFIG2)
00B9                  00291         LCD_CONFIG2
00B9   1089           00292                 BCF PORTE,1;RS
00BA   1009           00293                 BCF PORTE,0;RW
Warning[207]: Found label after column 1. (COMANDOB)
00BB                  00294         COMANDOB
00BB   3002           00295                 MOVLW B'0000010';b'00000001' para borrar en vez de escribir
00BC   0088           00296                 MOVWF PORTD
00BD   2019           00297                 CALL ENABLE
                      00298 
Warning[203]: Found opcode in column 1. (RETURN)
00BE   0008           00299 RETURN
                      00300 
00BF                  00301 TIEMPO
00BF   3003           00302         MOVLW .3
00C0   00A2           00303         MOVWF REG1
00C1   301A           00304         MOVLW .26
00C2   00A3           00305         MOVWF REG2
00C3   30FF           00306         MOVLW .255
00C4   00A4           00307         MOVWF REG3
Message[305]: Using default destination of 1 (file).
00C5   0BA4           00308         DECFSZ REG3
00C6   28C5           00309         GOTO $-.1
Message[305]: Using default destination of 1 (file).
00C7   0BA3           00310         DECFSZ REG2
00C8   28C3           00311         GOTO $-.5
Message[305]: Using default destination of 1 (file).
00C9   0BA2           00312         DECFSZ REG1
00CA   28C2           00313         GOTO $-.8
00CB   0008           00314         RETURN
                      00315 
00CC                  00316 DESCOMP
00CC   01B1           00317         CLRF REGC
00CD   01B2           00318         CLRF REGD
00CE   01B3           00319         CLRF REGU
00CF   01B0           00320         CLRF REGM
                      00321 
00D0                  00322 CENTENA 
00D0   3064           00323         MOVLW .100
00D1   02A7           00324         SUBWF REGSL,F
00D2   1803           00325         BTFSC STATUS,C
00D3   28D6           00326         GOTO $+.3
Message[305]: Using default destination of 1 (file).
00D4   07A7           00327         ADDWF REGSL
00D5   28D8           00328         GOTO DECENA
MPASM  5.51                 PROYECTOFINAL.ASM   10-13-2025  0:25:16         PAGE  8


LOC  OBJECT CODE     LINE SOURCE TEXT
  VALUE

00D6   0AB1           00329         INCF REGC,F
00D7   28D1           00330         GOTO $-.6
                      00331 
00D8                  00332 DECENA
00D8   300A           00333         MOVLW .10
00D9   02A7           00334         SUBWF REGSL,F
00DA   1803           00335         BTFSC STATUS,C
00DB   28DE           00336         GOTO $+.3
Message[305]: Using default destination of 1 (file).
00DC   07A7           00337         ADDWF REGSL
00DD   28E0           00338         GOTO UNIDAD
00DE   0AB2           00339         INCF REGD,F
00DF   28D9           00340         GOTO $-.6
                      00341 
00E0                  00342 UNIDAD
00E0   3001           00343         MOVLW .1
00E1   02A7           00344         SUBWF REGSL,F
00E2   1803           00345         BTFSC STATUS,C
00E3   28E6           00346         GOTO $+.3
Message[305]: Using default destination of 1 (file).
00E4   07A7           00347         ADDWF REGSL
00E5   0008           00348         RETURN
00E6   0AB3           00349         INCF REGU,F
00E7   28E1           00350         GOTO $-.6
                      00351 
                      00352         END
MPASM  5.51                 PROYECTOFINAL.ASM   10-13-2025  0:25:16         PAGE  9


SYMBOL TABLE
  LABEL                             VALUE 

ABDEN                             00000000
ABDOVF                            00000007
ACKDT                             00000005
ACKEN                             00000004
ACKSTAT                           00000006
ADCON0                            0000001F
ADCON1                            0000009F
ADCS0                             00000006
ADCS1                             00000007
ADDEN                             00000003
ADFM                              00000007
ADIE                              00000006
ADIF                              00000006
ADON                              00000000
ADRESH                            0000001E
ADRESL                            0000009E
ANS0                              00000000
ANS1                              00000001
ANS10                             00000002
ANS11                             00000003
ANS12                             00000004
ANS13                             00000005
ANS2                              00000002
ANS3                              00000003
ANS4                              00000004
ANS5                              00000005
ANS6                              00000006
ANS7                              00000007
ANS8                              00000000
ANS9                              00000001
ANSEL                             00000188
ANSELH                            00000189
BAUDCTL                           00000187
BCLIE                             00000003
BCLIF                             00000003
BF                                00000000
BRG0                              00000000
BRG1                              00000001
BRG10                             00000002
BRG11                             00000003
BRG12                             00000004
BRG13                             00000005
BRG14                             00000006
BRG15                             00000007
BRG16                             00000003
BRG2                              00000002
BRG3                              00000003
BRG4                              00000004
BRG5                              00000005
BRG6                              00000006
BRG7                              00000007
BRG8                              00000000
BRG9                              00000001
MPASM  5.51                 PROYECTOFINAL.ASM   10-13-2025  0:25:16         PAGE 10


SYMBOL TABLE
  LABEL                             VALUE 

BRGH                              00000002
C                                 00000000
C1CH0                             00000000
C1CH1                             00000001
C1IE                              00000005
C1IF                              00000005
C1OE                              00000005
C1ON                              00000007
C1OUT                             00000006
C1POL                             00000004
C1R                               00000002
C1RSEL                            00000005
C1SEN                             00000005
C2CH0                             00000000
C2CH1                             00000001
C2IE                              00000006
C2IF                              00000006
C2OE                              00000005
C2ON                              00000007
C2OUT                             00000006
C2POL                             00000004
C2R                               00000002
C2REN                             00000004
C2RSEL                            00000004
C2SYNC                            00000000
CCP1CON                           00000017
CCP1IE                            00000002
CCP1IF                            00000002
CCP1M0                            00000000
CCP1M1                            00000001
CCP1M2                            00000002
CCP1M3                            00000003
CCP1X                             00000005
CCP1Y                             00000004
CCP2CON                           0000001D
CCP2IE                            00000000
CCP2IF                            00000000
CCP2M0                            00000000
CCP2M1                            00000001
CCP2M2                            00000002
CCP2M3                            00000003
CCP2X                             00000005
CCP2Y                             00000004
CCPR1                             00000015
CCPR1H                            00000016
CCPR1L                            00000015
CCPR2                             0000001B
CCPR2H                            0000001C
CCPR2L                            0000001B
CENTENA                           000000D0
CHS0                              00000002
CHS1                              00000003
CHS2                              00000004
MPASM  5.51                 PROYECTOFINAL.ASM   10-13-2025  0:25:16         PAGE 11


SYMBOL TABLE
  LABEL                             VALUE 

CHS3                              00000005
CKE                               00000006
CKP                               00000004
CM1CON0                           00000107
CM2CON0                           00000108
CM2CON1                           00000109
COMANDO1                          00000009
COMANDO2                          00000006
COMANDO3                          00000003
COMANDO4                          0000000D
COMANDO5                          00000013
COMANDOB                          000000BB
CREN                              00000004
CSRC                              00000007
D                                 00000005
DATA_ADDRESS                      00000005
DC                                00000001
DC1B0                             00000004
DC1B1                             00000005
DC2B0                             00000004
DC2B1                             00000005
DECENA                            000000D8
DESCOMP                           000000CC
D_A                               00000005
D_NOT_A                           00000005
ECCPAS                            0000009C
ECCPAS0                           00000004
ECCPAS1                           00000005
ECCPAS2                           00000006
ECCPASE                           00000007
EEADR                             0000010D
EEADRH                            0000010F
EECON1                            0000018C
EECON2                            0000018D
EEDAT                             0000010C
EEDATA                            0000010C
EEDATH                            0000010E
EEIE                              00000004
EEIF                              00000004
EEPGD                             00000007
ENABLE                            00000019
ESCRIBIR                          0000006F
ESPERA                            0000003F
ESPERA_WR                         00000077
F                                 00000001
FERR                              00000002
FSR                               00000004
FVREN                             00000000
GCEN                              00000007
GIE                               00000007
GO                                00000001
GO_DONE                           00000001
GO_NOT_DONE                       00000001
MPASM  5.51                 PROYECTOFINAL.ASM   10-13-2025  0:25:16         PAGE 12


SYMBOL TABLE
  LABEL                             VALUE 

GUARDAR_EEPROM                    00000064
HTS                               00000002
I2C_DATA                          00000005
I2C_READ                          00000002
I2C_START                         00000003
I2C_STOP                          00000004
INDF                              00000000
INICIO                            00000047
INTCON                            0000000B
INTE                              00000004
INTEDG                            00000006
INTF                              00000001
IOCB                              00000096
IOCB0                             00000000
IOCB1                             00000001
IOCB2                             00000002
IOCB3                             00000003
IOCB4                             00000004
IOCB5                             00000005
IOCB6                             00000006
IOCB7                             00000007
IRCF0                             00000004
IRCF1                             00000005
IRCF2                             00000006
IRP                               00000007
LCD_CONFIG2                       000000B9
LCD_INIT                          00000001
LEER_ADC                          0000003E
LIMPIO                            000000B8
LTS                               00000001
MC1OUT                            00000007
MC2OUT                            00000006
MOSTRAR_LCD                       0000007B
MSK                               00000093
MSK0                              00000000
MSK1                              00000001
MSK2                              00000002
MSK3                              00000003
MSK4                              00000004
MSK5                              00000005
MSK6                              00000006
MSK7                              00000007
NOT_A                             00000005
NOT_ADDRESS                       00000005
NOT_BO                            00000000
NOT_BOR                           00000000
NOT_DONE                          00000001
NOT_PD                            00000003
NOT_POR                           00000001
NOT_RBPU                          00000007
NOT_RC8                           00000006
NOT_T1SYNC                        00000002
NOT_TO                            00000004
MPASM  5.51                 PROYECTOFINAL.ASM   10-13-2025  0:25:16         PAGE 13


SYMBOL TABLE
  LABEL                             VALUE 

NOT_TX8                           00000006
NOT_W                             00000002
NOT_WRITE                         00000002
OERR                              00000001
OPTION_REG                        00000081
OSCCON                            0000008F
OSCTUNE                           00000090
OSFIE                             00000007
OSFIF                             00000007
OSTS                              00000003
P                                 00000004
P1M0                              00000006
P1M1                              00000007
PCL                               00000002
PCLATH                            0000000A
PCON                              0000008E
PDC0                              00000000
PDC1                              00000001
PDC2                              00000002
PDC3                              00000003
PDC4                              00000004
PDC5                              00000005
PDC6                              00000006
PEIE                              00000006
PEN                               00000002
PIE1                              0000008C
PIE2                              0000008D
PIR1                              0000000C
PIR2                              0000000D
PORTA                             00000005
PORTB                             00000006
PORTC                             00000007
PORTD                             00000008
PORTE                             00000009
PR2                               00000092
PRINCIPAL                         00000053
PRSEN                             00000007
PS0                               00000000
PS1                               00000001
PS2                               00000002
PSA                               00000003
PSSAC0                            00000002
PSSAC1                            00000003
PSSBD0                            00000000
PSSBD1                            00000001
PSTRCON                           0000009D
PULSR                             00000002
PULSS                             00000003
PWM1CON                           0000009B
R                                 00000002
RA0                               00000000
RA1                               00000001
RA2                               00000002
MPASM  5.51                 PROYECTOFINAL.ASM   10-13-2025  0:25:16         PAGE 14


SYMBOL TABLE
  LABEL                             VALUE 

RA3                               00000003
RA4                               00000004
RA5                               00000005
RA6                               00000006
RA7                               00000007
RB0                               00000000
RB1                               00000001
RB2                               00000002
RB3                               00000003
RB4                               00000004
RB5                               00000005
RB6                               00000006
RB7                               00000007
RBIE                              00000003
RBIF                              00000000
RC0                               00000000
RC1                               00000001
RC2                               00000002
RC3                               00000003
RC4                               00000004
RC5                               00000005
RC6                               00000006
RC7                               00000007
RC8_9                             00000006
RC9                               00000006
RCD8                              00000000
RCEN                              00000003
RCIDL                             00000006
RCIE                              00000005
RCIF                              00000005
RCREG                             0000001A
RCSTA                             00000018
RD                                00000000
RD0                               00000000
RD1                               00000001
RD2                               00000002
RD3                               00000003
RD4                               00000004
RD5                               00000005
RD6                               00000006
RD7                               00000007
RE0                               00000000
RE1                               00000001
RE2                               00000002
RE3                               00000003
READ_WRITE                        00000002
REG1                              00000022
REG2                              00000023
REG3                              00000024
REG4                              00000025
REG5                              00000026
REGC                              00000031
REGC1                             0000002A
MPASM  5.51                 PROYECTOFINAL.ASM   10-13-2025  0:25:16         PAGE 15


SYMBOL TABLE
  LABEL                             VALUE 

REGC2                             0000002D
REGD                              00000032
REGD1                             0000002B
REGD2                             0000002E
REGM                              00000030
REGSH                             00000028
REGSL                             00000027
REGU                              00000033
REGU1                             0000002C
REGU2                             0000002F
RP0                               00000005
RP1                               00000006
RSEN                              00000001
RX9                               00000006
RX9D                              00000000
R_NOT_W                           00000002
R_W                               00000002
S                                 00000003
SBOREN                            00000004
SCKP                              00000004
SCS                               00000000
SEN                               00000000
SENDB                             00000003
SETUP_ADC                         00000026
SIGO2                             0000001F
SMP                               00000007
SPBRG                             00000099
SPBRGH                            0000009A
SPEN                              00000007
SR0                               00000006
SR1                               00000007
SRCON                             00000185
SREN                              00000005
SSPADD                            00000093
SSPBUF                            00000013
SSPCON                            00000014
SSPCON2                           00000091
SSPEN                             00000005
SSPIE                             00000003
SSPIF                             00000003
SSPM0                             00000000
SSPM1                             00000001
SSPM2                             00000002
SSPM3                             00000003
SSPMSK                            00000093
SSPOV                             00000006
SSPSTAT                           00000094
STATUS                            00000003
STRA                              00000000
STRB                              00000001
STRC                              00000002
STRD                              00000003
STRSYNC                           00000004
MPASM  5.51                 PROYECTOFINAL.ASM   10-13-2025  0:25:16         PAGE 16


SYMBOL TABLE
  LABEL                             VALUE 

SWDTEN                            00000000
SYNC                              00000004
T0CS                              00000005
T0IE                              00000005
T0IF                              00000002
T0SE                              00000004
T1CKPS0                           00000004
T1CKPS1                           00000005
T1CON                             00000010
T1GINV                            00000007
T1GIV                             00000007
T1GSS                             00000001
T1INSYNC                          00000002
T1OSCEN                           00000003
T1SYNC                            00000002
T2CKPS0                           00000000
T2CKPS1                           00000001
T2CON                             00000012
TIEMPO                            000000BF
TIEMPO2                           0000001D
TMR0                              00000001
TMR0IE                            00000005
TMR0IF                            00000002
TMR1                              0000000E
TMR1CS                            00000001
TMR1GE                            00000006
TMR1H                             0000000F
TMR1IE                            00000000
TMR1IF                            00000000
TMR1L                             0000000E
TMR1ON                            00000000
TMR2                              00000011
TMR2IE                            00000001
TMR2IF                            00000001
TMR2ON                            00000002
TOUTPS0                           00000003
TOUTPS1                           00000004
TOUTPS2                           00000005
TOUTPS3                           00000006
TRISA                             00000085
TRISA0                            00000000
TRISA1                            00000001
TRISA2                            00000002
TRISA3                            00000003
TRISA4                            00000004
TRISA5                            00000005
TRISA6                            00000006
TRISA7                            00000007
TRISB                             00000086
TRISB0                            00000000
TRISB1                            00000001
TRISB2                            00000002
TRISB3                            00000003
MPASM  5.51                 PROYECTOFINAL.ASM   10-13-2025  0:25:16         PAGE 17


SYMBOL TABLE
  LABEL                             VALUE 

TRISB4                            00000004
TRISB5                            00000005
TRISB6                            00000006
TRISB7                            00000007
TRISC                             00000087
TRISC0                            00000000
TRISC1                            00000001
TRISC2                            00000002
TRISC3                            00000003
TRISC4                            00000004
TRISC5                            00000005
TRISC6                            00000006
TRISC7                            00000007
TRISD                             00000088
TRISD0                            00000000
TRISD1                            00000001
TRISD2                            00000002
TRISD3                            00000003
TRISD4                            00000004
TRISD5                            00000005
TRISD6                            00000006
TRISD7                            00000007
TRISE                             00000089
TRISE0                            00000000
TRISE1                            00000001
TRISE2                            00000002
TRISE3                            00000003
TRMT                              00000001
TUN0                              00000000
TUN1                              00000001
TUN2                              00000002
TUN3                              00000003
TUN4                              00000004
TX8_9                             00000006
TX9                               00000006
TX9D                              00000000
TXD8                              00000000
TXEN                              00000005
TXIE                              00000004
TXIF                              00000004
TXREG                             00000019
TXSTA                             00000098
UA                                00000001
ULPWUE                            00000005
ULPWUIE                           00000002
ULPWUIF                           00000002
UNIDAD                            000000E0
VAL1                              00000020
VAL2                              00000021
VCFG0                             00000004
VCFG1                             00000005
VR0                               00000000
VR1                               00000001
MPASM  5.51                 PROYECTOFINAL.ASM   10-13-2025  0:25:16         PAGE 18


SYMBOL TABLE
  LABEL                             VALUE 

VR2                               00000002
VR3                               00000003
VRCON                             00000097
VREN                              00000007
VROE                              00000006
VRR                               00000005
VRSS                              00000004
W                                 00000000
WCOL                              00000007
WDTCON                            00000105
WDTPS0                            00000001
WDTPS1                            00000002
WDTPS2                            00000003
WDTPS3                            00000004
WPUB                              00000095
WPUB0                             00000000
WPUB1                             00000001
WPUB2                             00000002
WPUB3                             00000003
WPUB4                             00000004
WPUB5                             00000005
WPUB6                             00000006
WPUB7                             00000007
WR                                00000001
WREN                              00000002
WRERR                             00000003
WUE                               00000001
Z                                 00000002
_BOR21V                           00003EFF
_BOR40V                           00003FFF
_BOR4V_BOR21V                     00003EFF
_BOR4V_BOR40V                     00003FFF
_BOREN_NSLEEP                     00003EFF
_BOREN_OFF                        00003CFF
_BOREN_ON                         00003FFF
_BOREN_SBODEN                     00003DFF
_BOR_NSLEEP                       00003EFF
_BOR_OFF                          00003CFF
_BOR_ON                           00003FFF
_BOR_SBODEN                       00003DFF
_CONFIG1                          00002007
_CONFIG2                          00002008
_CPD_OFF                          00003FFF
_CPD_ON                           00003F7F
_CP_OFF                           00003FFF
_CP_ON                            00003FBF
_DEBUG_OFF                        00003FFF
_DEBUG_ON                         00001FFF
_DEVID1                           00002006
_EC_OSC                           00003FFB
_EXTRC                            00003FFF
_EXTRCIO                          00003FFE
_EXTRC_OSC_CLKOUT                 00003FFF
MPASM  5.51                 PROYECTOFINAL.ASM   10-13-2025  0:25:16         PAGE 19


SYMBOL TABLE
  LABEL                             VALUE 

_EXTRC_OSC_NOCLKOUT               00003FFE
_FCMEN_OFF                        000037FF
_FCMEN_ON                         00003FFF
_FOSC_EC                          00003FFB
_FOSC_EXTRC_CLKOUT                00003FFF
_FOSC_EXTRC_NOCLKOUT              00003FFE
_FOSC_HS                          00003FFA
_FOSC_INTRC_CLKOUT                00003FFD
_FOSC_INTRC_NOCLKOUT              00003FFC
_FOSC_LP                          00003FF8
_FOSC_XT                          00003FF9
_HS_OSC                           00003FFA
_IDLOC0                           00002000
_IDLOC1                           00002001
_IDLOC2                           00002002
_IDLOC3                           00002003
_IESO_OFF                         00003BFF
_IESO_ON                          00003FFF
_INTOSC                           00003FFD
_INTOSCIO                         00003FFC
_INTRC_OSC_CLKOUT                 00003FFD
_INTRC_OSC_NOCLKOUT               00003FFC
_LP_OSC                           00003FF8
_LVP_OFF                          00002FFF
_LVP_ON                           00003FFF
_MCLRE_OFF                        00003FDF
_MCLRE_ON                         00003FFF
_PWRTE_OFF                        00003FFF
_PWRTE_ON                         00003FEF
_WDTE_OFF                         00003FF7
_WDTE_ON                          00003FFF
_WDT_OFF                          00003FF7
_WDT_ON                           00003FFF
_WRT_1FOURTH                      00003BFF
_WRT_256                          00003DFF
_WRT_HALF                         000039FF
_WRT_OFF                          00003FFF
_XT_OSC                           00003FF9
__16F887                          00000001
__DEBUG                           1


MEMORY USAGE MAP ('X' = Used,  '-' = Unused)

0000 : XXXXXXXXXXXXXXXX XXXXXXXXXXXXXXXX XXXXXXXXXXXXXXXX XXXXXXXXXXXXXXXX
0040 : XXXXXXXXXXXXXXXX XXXXXXXXXXXXXXXX XXXXXXXXXXXXXXXX XXXXXXXXXXXXXXXX
MPASM  5.51                 PROYECTOFINAL.ASM   10-13-2025  0:25:16         PAGE 20


MEMORY USAGE MAP ('X' = Used,  '-' = Unused)


0080 : XXXXXXXXXXXXXXXX XXXXXXXXXXXXXXXX XXXXXXXXXXXXXXXX XXXXXXXXXXXXXXXX
00C0 : XXXXXXXXXXXXXXXX XXXXXXXXXXXXXXXX XXXXXXXX-------- ----------------
2000 : -------XX------- ---------------- ---------------- ----------------

All other memory blocks unused.

Program Memory Words Used:   232
Program Memory Words Free:  7960


Errors   :     0
Warnings :     4 reported,     0 suppressed
Messages :    32 reported,     0 suppressed

