MPASM  5.51                 EJEMPLOEEPROM.ASM   8-4-2025  14:37:11         PAGE  1


LOC  OBJECT CODE     LINE SOURCE TEXT
  VALUE

                      00001 #INCLUDE "P16F887.INC"
                      00001         LIST
                      00002 
                      00003 ;==========================================================================
                      00004 ;  MPASM PIC16F887 processor include
                      00005 ; 
                      00006 ;  (c) Copyright 1999-2013 Microchip Technology, All rights reserved
                      00007 ;==========================================================================
                      00008 
                      00809         LIST
                      00002 
2007   2FE1           00003     __CONFIG _CONFIG1, (_CP_OFF & _WDT_OFF & _PWRTE_ON & _XT_OSC & _LVP_OFF)
2008   3EFF           00004     __CONFIG _CONFIG2, _BOR21V
                      00005 
                      00006         
                      00007 
  00000029            00008 PDel0 EQU 0X29  
  0000002A            00009 PDel1 EQU 0X2A  
  0000002B            00010 PDel2 EQU 0X2B
  00000030            00011 REGINC EQU 0x30      ; Registro que guarda la dirección seleccionada
  00000031            00012 REGAUX EQU 0x31 
                      00013 
                      00014 
0000                  00015         ORG 0X00
                      00016 
Warning[203]: Found opcode in column 1. (GOTO)
0000   2823           00017 GOTO CON
                      00018 
0001                  00019 TABLA_HEXA
                      00020 
0001   0782           00021         ADDWF PCL,1
0002   3430           00022         RETLW '0'
0003   3431           00023         RETLW '1'
0004   3432           00024         RETLW '2'
0005   3433           00025         RETLW '3'
0006   3434           00026         RETLW '4'
0007   3435           00027         RETLW '5'
0008   3436           00028         RETLW '6'
0009   3437           00029         RETLW '7'
000A   3438           00030         RETLW '8'
000B   3439           00031         RETLW '9'
000C   3441           00032         RETLW 'A'
000D   3442           00033         RETLW 'B'
000E   3443           00034         RETLW 'C'
000F   3444           00035         RETLW 'D'
0010   3445           00036         RETLW 'E'
0011   3446           00037         RETLW 'F'
                      00038 
0012                  00039 TABLA_HEXA2
                      00040 
0012   0782           00041         ADDWF PCL,1
0013   3430           00042         RETLW '0'
0014   3431           00043         RETLW '1'
MPASM  5.51                 EJEMPLOEEPROM.ASM   8-4-2025  14:37:11         PAGE  2


LOC  OBJECT CODE     LINE SOURCE TEXT
  VALUE

0015   3432           00044         RETLW '2'
0016   3433           00045         RETLW '3'
0017   3434           00046         RETLW '4'
0018   3435           00047         RETLW '5'
0019   3436           00048         RETLW '6'
001A   3437           00049         RETLW '7'
001B   3438           00050         RETLW '8'
001C   3439           00051         RETLW '9'
001D   3441           00052         RETLW 'A'
001E   3442           00053         RETLW 'B'
001F   3443           00054         RETLW 'C'
0020   3444           00055         RETLW 'D'
0021   3445           00056         RETLW 'E'
0022   3446           00057         RETLW 'F'
                      00058 
0023                  00059 CON
0023   1683 1703      00060         BANKSEL ANSEL
Message[302]: Register in operand not in bank 0.  Ensure that bank bits are correct.
0025   0188           00061         CLRF ANSEL
Message[302]: Register in operand not in bank 0.  Ensure that bank bits are correct.
0026   0189           00062         CLRF ANSELH
                      00063         
0027   1683 1303      00064         BANKSEL TRISB
Message[302]: Register in operand not in bank 0.  Ensure that bank bits are correct.
0029   0188           00065         CLRF TRISD
Message[302]: Register in operand not in bank 0.  Ensure that bank bits are correct.
002A   0189           00066         CLRF TRISE
002B   3003           00067         MOVLW B'00000011'
Message[302]: Register in operand not in bank 0.  Ensure that bank bits are correct.
002C   0086           00068         MOVWF TRISB
                      00069         
002D   1283 1303      00070         BANKSEL PORTA
002F   0186           00071         CLRF PORTB
0030   0188           00072         CLRF PORTD
0031   0189           00073         CLRF PORTE
                      00074 
0032   2035           00075         CALL LCD_CONFIG
0033   01B0           00076         CLRF REGINC      ; Inicia dirección en 0x00
                      00077 
0034   284A           00078         GOTO INICIO
                      00079 
                      00080 ;=== CONFIGURACION LDC ===
0035                  00081 LCD_CONFIG
0035   1009           00082         BCF PORTE,0
0036   1089           00083         BCF PORTE,1
                      00084 
0037                  00085 COMANDO3
0037   3006           00086         MOVLW B'00000110'
0038   0088           00087         MOVWF PORTD
0039   2041           00088         CALL ENABLE
003A                  00089 COMANDO2
003A   300F           00090     MOVLW B'00001111' ; display ON, cursor ON, blink ON
003B   0088           00091         MOVWF PORTD
MPASM  5.51                 EJEMPLOEEPROM.ASM   8-4-2025  14:37:11         PAGE  3


LOC  OBJECT CODE     LINE SOURCE TEXT
  VALUE

003C   2041           00092         CALL ENABLE
003D                  00093 COMANDO1
003D   303C           00094         MOVLW B'00111100'
003E   0088           00095         MOVWF PORTD
003F   2041           00096         CALL ENABLE
0040   0008           00097         RETURN
                      00098 
                      00099 ;===ENABLE===
0041                  00100 ENABLE 
0041   1509           00101         BSF PORTE,2
0042   20DA           00102         CALL TIEMPO
0043   1109           00103         BCF PORTE,2
0044   0008           00104         RETURN
                      00105 
                      00106 
0045                  00107 ENVIAR_COMANDO
0045   1009           00108     BCF PORTE,0      ; RS = 0 ? comando
0046   1089           00109     BCF PORTE,1      ; RW = 0 ? escritura
0047   0088           00110     MOVWF PORTD      ; W contiene el comando
0048   2041           00111     CALL ENABLE
0049   0008           00112     RETURN
                      00113 
004A                  00114 INICIO
                      00115 
004A                  00116 PANTALLA1
004A   1409           00117         BSF PORTE,0
004B   1089           00118         BCF PORTE,1
                      00119 
004C   304C           00120         MOVLW 'L'
004D   0088           00121         MOVWF PORTD
004E   2041           00122         CALL ENABLE
                      00123 
004F   3045           00124         MOVLW 'E'
0050   0088           00125         MOVWF PORTD
0051   2041           00126         CALL ENABLE
                      00127 
0052   3045           00128         MOVLW 'E'
0053   0088           00129         MOVWF PORTD
0054   2041           00130         CALL ENABLE
                      00131         
0055   3052           00132         MOVLW 'R'
0056   0088           00133         MOVWF PORTD
0057   2041           00134         CALL ENABLE
                      00135 
0058   305F           00136         MOVLW '_'
0059   0088           00137         MOVWF PORTD
005A   2041           00138         CALL ENABLE
                      00139 
005B   302F           00140         MOVLW '/'
005C   0088           00141         MOVWF PORTD
005D   2041           00142         CALL ENABLE
                      00143 
005E   3045           00144         MOVLW 'E'
MPASM  5.51                 EJEMPLOEEPROM.ASM   8-4-2025  14:37:11         PAGE  4


LOC  OBJECT CODE     LINE SOURCE TEXT
  VALUE

005F   0088           00145         MOVWF PORTD
0060   2041           00146         CALL ENABLE
                      00147 
0061   3053           00148         MOVLW 'S'
0062   0088           00149         MOVWF PORTD
0063   2041           00150         CALL ENABLE
                      00151 
0064   3043           00152         MOVLW 'C'
0065   0088           00153         MOVWF PORTD
0066   2041           00154         CALL ENABLE
                      00155 
0067   305F           00156         MOVLW '_'
0068   0088           00157         MOVWF PORTD
0069   2041           00158         CALL ENABLE
                      00159 
006A   3020           00160         MOVLW ' '
006B   0088           00161         MOVWF PORTD
006C   2041           00162         CALL ENABLE
                      00163 
006D   3020           00164         MOVLW ' '
006E   0088           00165         MOVWF PORTD
006F   2041           00166         CALL ENABLE
                      00167 
0070   3001           00168         MOVLW B'00000001'
0071   0088           00169         MOVWF PORTD
0072   2041           00170         CALL ENABLE
                      00171 
                      00172 
                      00173 ; === LECTURA DE BOTON EN PORTB,0 ===
0073                  00174 LCD1
0073   1C06           00175     BTFSS PORTB,0      ; Si está en 1, salta
0074   2878           00176     GOTO POS_LEER   
                      00177 
0075                  00178 POS_ESC:
0075   3009           00179     MOVLW 0x09         ; POSICIÓN 9
0076   207B           00180     CALL MOVER_CURSOR
0077   287E           00181         GOTO MANTENERSE
                      00182 
0078                  00183 POS_LEER:
0078   3004           00184     MOVLW 0x04         ; POSICIÓN 4
0079   207B           00185         CALL MOVER_CURSOR
007A   2881           00186         GOTO MANTENERSE2
                      00187 
007B                  00188 MOVER_CURSOR:
007B   3880           00189     IORLW 0x80         ; Set DDRAM Address (bit 7 = 1)
007C   2045           00190     CALL ENVIAR_COMANDO
007D   0008           00191         RETURN
                      00192 
                      00193 ;===MANTENER===
007E                  00194 MANTENERSE
007E   1806           00195         BTFSC PORTB,0
007F   2878           00196         GOTO POS_LEER
0080   2884           00197         GOTO CHECK1
MPASM  5.51                 EJEMPLOEEPROM.ASM   8-4-2025  14:37:11         PAGE  5


LOC  OBJECT CODE     LINE SOURCE TEXT
  VALUE

                      00198 
0081                  00199 MANTENERSE2
0081   1806           00200         BTFSC PORTB,0
0082   2875           00201         GOTO POS_ESC
0083   2886           00202         GOTO CHECK2
                      00203 ;===MANTENER===
                      00204 
                      00205 ;===CHECKEO B1===
0084                  00206 CHECK1
0084   1886           00207         BTFSC PORTB,1
                      00208 
0085   287E           00209         GOTO MANTENERSE
                      00210 
0086                  00211 CHECK2
0086   1886           00212         BTFSC PORTB,1
0087   2889           00213         GOTO PANTALLA_LEER
0088   2881           00214         GOTO MANTENERSE2
                      00215 ;===CHECKEO B1===
                      00216 
                      00217 
0089                  00218 PANTALLA_LEER
                      00219 
0089   3001           00220         MOVLW B'00000001'
008A   0088           00221         MOVWF PORTD
008B   2041           00222         CALL ENABLE
                      00223 
008C   1409           00224         BSF PORTE,0
008D   1089           00225         BCF PORTE,1
                      00226 
008E   3053           00227         MOVLW 'S'
008F   0088           00228         MOVWF PORTD
0090   2041           00229         CALL ENABLE
                      00230 
0091   3045           00231         MOVLW 'E'
0092   0088           00232         MOVWF PORTD
0093   2041           00233         CALL ENABLE
                      00234 
0094   304C           00235         MOVLW 'L'
0095   0088           00236         MOVWF PORTD
0096   2041           00237         CALL ENABLE
                      00238         
0097   3045           00239         MOVLW 'E'
0098   0088           00240         MOVWF PORTD
0099   2041           00241         CALL ENABLE
                      00242 
009A   3043           00243         MOVLW 'C'
009B   0088           00244         MOVWF PORTD
009C   2041           00245         CALL ENABLE
                      00246 
009D   3054           00247         MOVLW 'T'
009E   0088           00248         MOVWF PORTD
009F   2041           00249         CALL ENABLE
                      00250 
MPASM  5.51                 EJEMPLOEEPROM.ASM   8-4-2025  14:37:11         PAGE  6


LOC  OBJECT CODE     LINE SOURCE TEXT
  VALUE

00A0   3020           00251         MOVLW ' '
00A1   0088           00252         MOVWF PORTD
00A2   2041           00253         CALL ENABLE
                      00254 
00A3   3041           00255         MOVLW 'A'
00A4   0088           00256         MOVWF PORTD
00A5   2041           00257         CALL ENABLE
                      00258 
00A6   3044           00259         MOVLW 'D'
00A7   0088           00260         MOVWF PORTD
00A8   2041           00261         CALL ENABLE
                      00262 
00A9   3044           00263         MOVLW 'D'
00AA   0088           00264         MOVWF PORTD
00AB   2041           00265         CALL ENABLE
                      00266 
00AC   3052           00267         MOVLW 'R'
00AD   0088           00268         MOVWF PORTD
00AE   2041           00269         CALL ENABLE
                      00270 
00AF   305F           00271         MOVLW '_'
00B0   0088           00272         MOVWF PORTD
00B1   2041           00273         CALL ENABLE
                      00274 
00B2   305F           00275         MOVLW '_'
00B3   0088           00276         MOVWF PORTD
00B4   2041           00277         CALL ENABLE
                      00278 
00B5   3020           00279         MOVLW ' '
00B6   0088           00280         MOVWF PORTD
00B7   2041           00281         CALL ENABLE
                      00282 
00B8   3020           00283         MOVLW ' '
00B9   0088           00284         MOVWF PORTD
00BA   2041           00285         CALL ENABLE
                      00286 
00BB   3020           00287         MOVLW ' '
00BC   0088           00288         MOVWF PORTD
00BD   2041           00289         CALL ENABLE
                      00290 
00BE   30FF           00291         MOVLW B'11111111'
00BF   0088           00292         MOVWF PORTD
00C0   2041           00293         CALL ENABLE
                      00294 
                      00295 
                      00296 ; === LECTURA DE BOTON EN PORTB,0 ===
00C1                  00297 LCD2
00C1   1806           00298     BTFSC PORTB,0      ; Si está en 0, salta
00C2   28C4           00299     GOTO INCREMENTO
00C3   28C1           00300         GOTO $-.2  
                      00301 
00C4                  00302 INCREMENTO
00C4   0AB0           00303         INCF REGINC,F
MPASM  5.51                 EJEMPLOEEPROM.ASM   8-4-2025  14:37:11         PAGE  7


LOC  OBJECT CODE     LINE SOURCE TEXT
  VALUE

00C5   28CE           00304         GOTO CHECK_AUM
00C6                  00305 SIGO 
00C6   300C           00306     MOVLW 0x0C         ; POSICIÓN 12
00C7   207B           00307     CALL MOVER_CURSOR
                      00308   
00C8   1409           00309         BSF PORTE,0   ; RS = 1, modo datos
00C9   1089           00310     BCF PORTE,1   ; RW = 0, modo escritura
00CA   2001           00311         CALL TABLA_HEXA
                      00312         
00CB   0088           00313         MOVWF PORTD
00CC   2041           00314         CALL ENABLE
                      00315 
00CD   28C1           00316         GOTO LCD2
                      00317 
                      00318         
                      00319 
00CE                  00320 CHECK_AUM
00CE   0830           00321         MOVF REGINC,W
00CF   3A10           00322         XORLW 0X10
00D0   1D03           00323         BTFSS STATUS,Z
00D1   28C6           00324         GOTO SIGO
00D2   300B           00325         MOVLW 0X0B
00D3   207B           00326         CALL MOVER_CURSOR
                      00327         
00D4   1409           00328     BSF PORTE,0   ; RS = 1, modo datos
00D5   1089           00329     BCF PORTE,1   ; RW = 0, modo escritura
00D6   2012           00330         CALL TABLA_HEXA2
                      00331         
00D7   0088           00332         MOVWF PORTD
00D8   2041           00333         CALL ENABLE
00D9   28C6           00334         GOTO SIGO 
                      00335         
                      00336         
                      00337 
                      00338 
                      00339 
                      00340 
                      00341 
                      00342 
                      00343 
                      00344 
                      00345 
                      00346 
00DA                  00347 TIEMPO      
00DA   30C5           00348         movlw     .197      ; 1 set numero de repeticion  (B)
00DB   00A9           00349         movwf     PDel0     ; 1 |
00DC   30FD           00350 PLoop1  movlw     .253      ; 1 set numero de repeticion  (A)
00DD   00AA           00351         movwf     PDel1     ; 1 |
00DE   0064           00352 PLoop2  clrwdt              ; 1 clear watchdog
00DF   0064           00353         clrwdt              ; 1 ciclo delay
00E0   0BAA           00354         decfsz    PDel1, 1  ; 1 + (1) es el tiempo 0  ? (A)
00E1   28DE           00355         goto      PLoop2    ; 2 no, loop
00E2   0BA9           00356         decfsz    PDel0,  1 ; 1 + (1) es el tiempo 0  ? (B)
MPASM  5.51                 EJEMPLOEEPROM.ASM   8-4-2025  14:37:11         PAGE  8


LOC  OBJECT CODE     LINE SOURCE TEXT
  VALUE

00E3   28DC           00357         goto      PLoop1    ; 2 no, loop
00E4   28E5           00358 PDelL1  goto PDelL2         ; 2 ciclos delay
00E5                  00359 PDelL2  
00E5   0008           00360         return              ; 2+2 Fin.
                      00361 
                      00362 
                      00363         END
MPASM  5.51                 EJEMPLOEEPROM.ASM   8-4-2025  14:37:11         PAGE  9


SYMBOL TABLE
  LABEL                             VALUE 

ABDEN                             00000000
ABDOVF                            00000007
ACKDT                             00000005
ACKEN                             00000004
ACKSTAT                           00000006
ADCON0                            0000001F
ADCON1                            0000009F
ADCS0                             00000006
ADCS1                             00000007
ADDEN                             00000003
ADFM                              00000007
ADIE                              00000006
ADIF                              00000006
ADON                              00000000
ADRESH                            0000001E
ADRESL                            0000009E
ANS0                              00000000
ANS1                              00000001
ANS10                             00000002
ANS11                             00000003
ANS12                             00000004
ANS13                             00000005
ANS2                              00000002
ANS3                              00000003
ANS4                              00000004
ANS5                              00000005
ANS6                              00000006
ANS7                              00000007
ANS8                              00000000
ANS9                              00000001
ANSEL                             00000188
ANSELH                            00000189
BAUDCTL                           00000187
BCLIE                             00000003
BCLIF                             00000003
BF                                00000000
BRG0                              00000000
BRG1                              00000001
BRG10                             00000002
BRG11                             00000003
BRG12                             00000004
BRG13                             00000005
BRG14                             00000006
BRG15                             00000007
BRG16                             00000003
BRG2                              00000002
BRG3                              00000003
BRG4                              00000004
BRG5                              00000005
BRG6                              00000006
BRG7                              00000007
BRG8                              00000000
BRG9                              00000001
MPASM  5.51                 EJEMPLOEEPROM.ASM   8-4-2025  14:37:11         PAGE 10


SYMBOL TABLE
  LABEL                             VALUE 

BRGH                              00000002
C                                 00000000
C1CH0                             00000000
C1CH1                             00000001
C1IE                              00000005
C1IF                              00000005
C1OE                              00000005
C1ON                              00000007
C1OUT                             00000006
C1POL                             00000004
C1R                               00000002
C1RSEL                            00000005
C1SEN                             00000005
C2CH0                             00000000
C2CH1                             00000001
C2IE                              00000006
C2IF                              00000006
C2OE                              00000005
C2ON                              00000007
C2OUT                             00000006
C2POL                             00000004
C2R                               00000002
C2REN                             00000004
C2RSEL                            00000004
C2SYNC                            00000000
CCP1CON                           00000017
CCP1IE                            00000002
CCP1IF                            00000002
CCP1M0                            00000000
CCP1M1                            00000001
CCP1M2                            00000002
CCP1M3                            00000003
CCP1X                             00000005
CCP1Y                             00000004
CCP2CON                           0000001D
CCP2IE                            00000000
CCP2IF                            00000000
CCP2M0                            00000000
CCP2M1                            00000001
CCP2M2                            00000002
CCP2M3                            00000003
CCP2X                             00000005
CCP2Y                             00000004
CCPR1                             00000015
CCPR1H                            00000016
CCPR1L                            00000015
CCPR2                             0000001B
CCPR2H                            0000001C
CCPR2L                            0000001B
CHECK1                            00000084
CHECK2                            00000086
CHECK_AUM                         000000CE
CHS0                              00000002
MPASM  5.51                 EJEMPLOEEPROM.ASM   8-4-2025  14:37:11         PAGE 11


SYMBOL TABLE
  LABEL                             VALUE 

CHS1                              00000003
CHS2                              00000004
CHS3                              00000005
CKE                               00000006
CKP                               00000004
CM1CON0                           00000107
CM2CON0                           00000108
CM2CON1                           00000109
COMANDO1                          0000003D
COMANDO2                          0000003A
COMANDO3                          00000037
CON                               00000023
CREN                              00000004
CSRC                              00000007
D                                 00000005
DATA_ADDRESS                      00000005
DC                                00000001
DC1B0                             00000004
DC1B1                             00000005
DC2B0                             00000004
DC2B1                             00000005
D_A                               00000005
D_NOT_A                           00000005
ECCPAS                            0000009C
ECCPAS0                           00000004
ECCPAS1                           00000005
ECCPAS2                           00000006
ECCPASE                           00000007
EEADR                             0000010D
EEADRH                            0000010F
EECON1                            0000018C
EECON2                            0000018D
EEDAT                             0000010C
EEDATA                            0000010C
EEDATH                            0000010E
EEIE                              00000004
EEIF                              00000004
EEPGD                             00000007
ENABLE                            00000041
ENVIAR_COMANDO                    00000045
F                                 00000001
FERR                              00000002
FSR                               00000004
FVREN                             00000000
GCEN                              00000007
GIE                               00000007
GO                                00000001
GO_DONE                           00000001
GO_NOT_DONE                       00000001
HTS                               00000002
I2C_DATA                          00000005
I2C_READ                          00000002
I2C_START                         00000003
MPASM  5.51                 EJEMPLOEEPROM.ASM   8-4-2025  14:37:11         PAGE 12


SYMBOL TABLE
  LABEL                             VALUE 

I2C_STOP                          00000004
INCREMENTO                        000000C4
INDF                              00000000
INICIO                            0000004A
INTCON                            0000000B
INTE                              00000004
INTEDG                            00000006
INTF                              00000001
IOCB                              00000096
IOCB0                             00000000
IOCB1                             00000001
IOCB2                             00000002
IOCB3                             00000003
IOCB4                             00000004
IOCB5                             00000005
IOCB6                             00000006
IOCB7                             00000007
IRCF0                             00000004
IRCF1                             00000005
IRCF2                             00000006
IRP                               00000007
LCD1                              00000073
LCD2                              000000C1
LCD_CONFIG                        00000035
LTS                               00000001
MANTENERSE                        0000007E
MANTENERSE2                       00000081
MC1OUT                            00000007
MC2OUT                            00000006
MOVER_CURSOR                      0000007B
MSK                               00000093
MSK0                              00000000
MSK1                              00000001
MSK2                              00000002
MSK3                              00000003
MSK4                              00000004
MSK5                              00000005
MSK6                              00000006
MSK7                              00000007
NOT_A                             00000005
NOT_ADDRESS                       00000005
NOT_BO                            00000000
NOT_BOR                           00000000
NOT_DONE                          00000001
NOT_PD                            00000003
NOT_POR                           00000001
NOT_RBPU                          00000007
NOT_RC8                           00000006
NOT_T1SYNC                        00000002
NOT_TO                            00000004
NOT_TX8                           00000006
NOT_W                             00000002
NOT_WRITE                         00000002
MPASM  5.51                 EJEMPLOEEPROM.ASM   8-4-2025  14:37:11         PAGE 13


SYMBOL TABLE
  LABEL                             VALUE 

OERR                              00000001
OPTION_REG                        00000081
OSCCON                            0000008F
OSCTUNE                           00000090
OSFIE                             00000007
OSFIF                             00000007
OSTS                              00000003
P                                 00000004
P1M0                              00000006
P1M1                              00000007
PANTALLA1                         0000004A
PANTALLA_LEER                     00000089
PCL                               00000002
PCLATH                            0000000A
PCON                              0000008E
PDC0                              00000000
PDC1                              00000001
PDC2                              00000002
PDC3                              00000003
PDC4                              00000004
PDC5                              00000005
PDC6                              00000006
PDel0                             00000029
PDel1                             0000002A
PDel2                             0000002B
PDelL1                            000000E4
PDelL2                            000000E5
PEIE                              00000006
PEN                               00000002
PIE1                              0000008C
PIE2                              0000008D
PIR1                              0000000C
PIR2                              0000000D
PLoop1                            000000DC
PLoop2                            000000DE
PORTA                             00000005
PORTB                             00000006
PORTC                             00000007
PORTD                             00000008
PORTE                             00000009
POS_ESC                           00000075
POS_LEER                          00000078
PR2                               00000092
PRSEN                             00000007
PS0                               00000000
PS1                               00000001
PS2                               00000002
PSA                               00000003
PSSAC0                            00000002
PSSAC1                            00000003
PSSBD0                            00000000
PSSBD1                            00000001
PSTRCON                           0000009D
MPASM  5.51                 EJEMPLOEEPROM.ASM   8-4-2025  14:37:11         PAGE 14


SYMBOL TABLE
  LABEL                             VALUE 

PULSR                             00000002
PULSS                             00000003
PWM1CON                           0000009B
R                                 00000002
RA0                               00000000
RA1                               00000001
RA2                               00000002
RA3                               00000003
RA4                               00000004
RA5                               00000005
RA6                               00000006
RA7                               00000007
RB0                               00000000
RB1                               00000001
RB2                               00000002
RB3                               00000003
RB4                               00000004
RB5                               00000005
RB6                               00000006
RB7                               00000007
RBIE                              00000003
RBIF                              00000000
RC0                               00000000
RC1                               00000001
RC2                               00000002
RC3                               00000003
RC4                               00000004
RC5                               00000005
RC6                               00000006
RC7                               00000007
RC8_9                             00000006
RC9                               00000006
RCD8                              00000000
RCEN                              00000003
RCIDL                             00000006
RCIE                              00000005
RCIF                              00000005
RCREG                             0000001A
RCSTA                             00000018
RD                                00000000
RD0                               00000000
RD1                               00000001
RD2                               00000002
RD3                               00000003
RD4                               00000004
RD5                               00000005
RD6                               00000006
RD7                               00000007
RE0                               00000000
RE1                               00000001
RE2                               00000002
RE3                               00000003
READ_WRITE                        00000002
MPASM  5.51                 EJEMPLOEEPROM.ASM   8-4-2025  14:37:11         PAGE 15


SYMBOL TABLE
  LABEL                             VALUE 

REGAUX                            00000031
REGINC                            00000030
RP0                               00000005
RP1                               00000006
RSEN                              00000001
RX9                               00000006
RX9D                              00000000
R_NOT_W                           00000002
R_W                               00000002
S                                 00000003
SBOREN                            00000004
SCKP                              00000004
SCS                               00000000
SEN                               00000000
SENDB                             00000003
SIGO                              000000C6
SMP                               00000007
SPBRG                             00000099
SPBRGH                            0000009A
SPEN                              00000007
SR0                               00000006
SR1                               00000007
SRCON                             00000185
SREN                              00000005
SSPADD                            00000093
SSPBUF                            00000013
SSPCON                            00000014
SSPCON2                           00000091
SSPEN                             00000005
SSPIE                             00000003
SSPIF                             00000003
SSPM0                             00000000
SSPM1                             00000001
SSPM2                             00000002
SSPM3                             00000003
SSPMSK                            00000093
SSPOV                             00000006
SSPSTAT                           00000094
STATUS                            00000003
STRA                              00000000
STRB                              00000001
STRC                              00000002
STRD                              00000003
STRSYNC                           00000004
SWDTEN                            00000000
SYNC                              00000004
T0CS                              00000005
T0IE                              00000005
T0IF                              00000002
T0SE                              00000004
T1CKPS0                           00000004
T1CKPS1                           00000005
T1CON                             00000010
MPASM  5.51                 EJEMPLOEEPROM.ASM   8-4-2025  14:37:11         PAGE 16


SYMBOL TABLE
  LABEL                             VALUE 

T1GINV                            00000007
T1GIV                             00000007
T1GSS                             00000001
T1INSYNC                          00000002
T1OSCEN                           00000003
T1SYNC                            00000002
T2CKPS0                           00000000
T2CKPS1                           00000001
T2CON                             00000012
TABLA_HEXA                        00000001
TABLA_HEXA2                       00000012
TIEMPO                            000000DA
TMR0                              00000001
TMR0IE                            00000005
TMR0IF                            00000002
TMR1                              0000000E
TMR1CS                            00000001
TMR1GE                            00000006
TMR1H                             0000000F
TMR1IE                            00000000
TMR1IF                            00000000
TMR1L                             0000000E
TMR1ON                            00000000
TMR2                              00000011
TMR2IE                            00000001
TMR2IF                            00000001
TMR2ON                            00000002
TOUTPS0                           00000003
TOUTPS1                           00000004
TOUTPS2                           00000005
TOUTPS3                           00000006
TRISA                             00000085
TRISA0                            00000000
TRISA1                            00000001
TRISA2                            00000002
TRISA3                            00000003
TRISA4                            00000004
TRISA5                            00000005
TRISA6                            00000006
TRISA7                            00000007
TRISB                             00000086
TRISB0                            00000000
TRISB1                            00000001
TRISB2                            00000002
TRISB3                            00000003
TRISB4                            00000004
TRISB5                            00000005
TRISB6                            00000006
TRISB7                            00000007
TRISC                             00000087
TRISC0                            00000000
TRISC1                            00000001
TRISC2                            00000002
MPASM  5.51                 EJEMPLOEEPROM.ASM   8-4-2025  14:37:11         PAGE 17


SYMBOL TABLE
  LABEL                             VALUE 

TRISC3                            00000003
TRISC4                            00000004
TRISC5                            00000005
TRISC6                            00000006
TRISC7                            00000007
TRISD                             00000088
TRISD0                            00000000
TRISD1                            00000001
TRISD2                            00000002
TRISD3                            00000003
TRISD4                            00000004
TRISD5                            00000005
TRISD6                            00000006
TRISD7                            00000007
TRISE                             00000089
TRISE0                            00000000
TRISE1                            00000001
TRISE2                            00000002
TRISE3                            00000003
TRMT                              00000001
TUN0                              00000000
TUN1                              00000001
TUN2                              00000002
TUN3                              00000003
TUN4                              00000004
TX8_9                             00000006
TX9                               00000006
TX9D                              00000000
TXD8                              00000000
TXEN                              00000005
TXIE                              00000004
TXIF                              00000004
TXREG                             00000019
TXSTA                             00000098
UA                                00000001
ULPWUE                            00000005
ULPWUIE                           00000002
ULPWUIF                           00000002
VCFG0                             00000004
VCFG1                             00000005
VR0                               00000000
VR1                               00000001
VR2                               00000002
VR3                               00000003
VRCON                             00000097
VREN                              00000007
VROE                              00000006
VRR                               00000005
VRSS                              00000004
W                                 00000000
WCOL                              00000007
WDTCON                            00000105
WDTPS0                            00000001
MPASM  5.51                 EJEMPLOEEPROM.ASM   8-4-2025  14:37:11         PAGE 18


SYMBOL TABLE
  LABEL                             VALUE 

WDTPS1                            00000002
WDTPS2                            00000003
WDTPS3                            00000004
WPUB                              00000095
WPUB0                             00000000
WPUB1                             00000001
WPUB2                             00000002
WPUB3                             00000003
WPUB4                             00000004
WPUB5                             00000005
WPUB6                             00000006
WPUB7                             00000007
WR                                00000001
WREN                              00000002
WRERR                             00000003
WUE                               00000001
Z                                 00000002
_BOR21V                           00003EFF
_BOR40V                           00003FFF
_BOR4V_BOR21V                     00003EFF
_BOR4V_BOR40V                     00003FFF
_BOREN_NSLEEP                     00003EFF
_BOREN_OFF                        00003CFF
_BOREN_ON                         00003FFF
_BOREN_SBODEN                     00003DFF
_BOR_NSLEEP                       00003EFF
_BOR_OFF                          00003CFF
_BOR_ON                           00003FFF
_BOR_SBODEN                       00003DFF
_CONFIG1                          00002007
_CONFIG2                          00002008
_CPD_OFF                          00003FFF
_CPD_ON                           00003F7F
_CP_OFF                           00003FFF
_CP_ON                            00003FBF
_DEBUG_OFF                        00003FFF
_DEBUG_ON                         00001FFF
_DEVID1                           00002006
_EC_OSC                           00003FFB
_EXTRC                            00003FFF
_EXTRCIO                          00003FFE
_EXTRC_OSC_CLKOUT                 00003FFF
_EXTRC_OSC_NOCLKOUT               00003FFE
_FCMEN_OFF                        000037FF
_FCMEN_ON                         00003FFF
_FOSC_EC                          00003FFB
_FOSC_EXTRC_CLKOUT                00003FFF
_FOSC_EXTRC_NOCLKOUT              00003FFE
_FOSC_HS                          00003FFA
_FOSC_INTRC_CLKOUT                00003FFD
_FOSC_INTRC_NOCLKOUT              00003FFC
_FOSC_LP                          00003FF8
_FOSC_XT                          00003FF9
MPASM  5.51                 EJEMPLOEEPROM.ASM   8-4-2025  14:37:11         PAGE 19


SYMBOL TABLE
  LABEL                             VALUE 

_HS_OSC                           00003FFA
_IDLOC0                           00002000
_IDLOC1                           00002001
_IDLOC2                           00002002
_IDLOC3                           00002003
_IESO_OFF                         00003BFF
_IESO_ON                          00003FFF
_INTOSC                           00003FFD
_INTOSCIO                         00003FFC
_INTRC_OSC_CLKOUT                 00003FFD
_INTRC_OSC_NOCLKOUT               00003FFC
_LP_OSC                           00003FF8
_LVP_OFF                          00002FFF
_LVP_ON                           00003FFF
_MCLRE_OFF                        00003FDF
_MCLRE_ON                         00003FFF
_PWRTE_OFF                        00003FFF
_PWRTE_ON                         00003FEF
_WDTE_OFF                         00003FF7
_WDTE_ON                          00003FFF
_WDT_OFF                          00003FF7
_WDT_ON                           00003FFF
_WRT_1FOURTH                      00003BFF
_WRT_256                          00003DFF
_WRT_HALF                         000039FF
_WRT_OFF                          00003FFF
_XT_OSC                           00003FF9
__16F887                          00000001
__DEBUG                           1


MEMORY USAGE MAP ('X' = Used,  '-' = Unused)

0000 : XXXXXXXXXXXXXXXX XXXXXXXXXXXXXXXX XXXXXXXXXXXXXXXX XXXXXXXXXXXXXXXX
0040 : XXXXXXXXXXXXXXXX XXXXXXXXXXXXXXXX XXXXXXXXXXXXXXXX XXXXXXXXXXXXXXXX
0080 : XXXXXXXXXXXXXXXX XXXXXXXXXXXXXXXX XXXXXXXXXXXXXXXX XXXXXXXXXXXXXXXX
00C0 : XXXXXXXXXXXXXXXX XXXXXXXXXXXXXXXX XXXXXX---------- ----------------
2000 : -------XX------- ---------------- ---------------- ----------------

All other memory blocks unused.

Program Memory Words Used:   230
Program Memory Words Free:  7962


Errors   :     0
Warnings :     1 reported,     0 suppressed
Messages :     5 reported,     0 suppressed

