MPLINK 4.49, Linker
Linker Map File - Created Mon Sep 08 15:35:32 2025

                                 Section Info
                  Section       Type    Address   Location Size(Bytes)
                ---------  ---------  ---------  ---------  ---------
                   .org_0       code   0x000000    program   0x000000
                   .org_1       code   0x000000    program   0x000046
.config_2007_EJERCICIOOSCCON.O       code   0x002007    program   0x000002
.config_2008_EJERCICIOOSCCON.O       code   0x002008    program   0x000002



                              Program Memory Usage 
                               Start         End      
                           ---------   ---------      
                            0x000000    0x000022      
                            0x002007    0x002008      
            37 out of 8455 program addresses used, program memory utilization is 0%



                              Symbols - Sorted by Name
                     Name    Address   Location    Storage File                     
                ---------  ---------  ---------  --------- ---------                
                     INIT   0x00000b    program     static C:\Users\dilan\Desktop\Labo\EjercicioOsccon\EjercicioOsccon.asm
                     MAIN   0x000013    program     static C:\Users\dilan\Desktop\Labo\EjercicioOsccon\EjercicioOsccon.asm
                SET_31KHZ   0x000006    program     static C:\Users\dilan\Desktop\Labo\EjercicioOsccon\EjercicioOsccon.asm
                 SET_4MHZ   0x000001    program     static C:\Users\dilan\Desktop\Labo\EjercicioOsccon\EjercicioOsccon.asm
                  TO31KHZ   0x00001e    program     static C:\Users\dilan\Desktop\Labo\EjercicioOsccon\EjercicioOsccon.asm
                   TO4MHZ   0x00001c    program     static C:\Users\dilan\Desktop\Labo\EjercicioOsccon\EjercicioOsccon.asm
             WAIT_RELEASE   0x000020    program     static C:\Users\dilan\Desktop\Labo\EjercicioOsccon\EjercicioOsccon.asm



                              Symbols - Sorted by Address
                     Name    Address   Location    Storage File                     
                ---------  ---------  ---------  --------- ---------                
                 SET_4MHZ   0x000001    program     static C:\Users\dilan\Desktop\Labo\EjercicioOsccon\EjercicioOsccon.asm
                SET_31KHZ   0x000006    program     static C:\Users\dilan\Desktop\Labo\EjercicioOsccon\EjercicioOsccon.asm
                     INIT   0x00000b    program     static C:\Users\dilan\Desktop\Labo\EjercicioOsccon\EjercicioOsccon.asm
                     MAIN   0x000013    program     static C:\Users\dilan\Desktop\Labo\EjercicioOsccon\EjercicioOsccon.asm
                   TO4MHZ   0x00001c    program     static C:\Users\dilan\Desktop\Labo\EjercicioOsccon\EjercicioOsccon.asm
                  TO31KHZ   0x00001e    program     static C:\Users\dilan\Desktop\Labo\EjercicioOsccon\EjercicioOsccon.asm
             WAIT_RELEASE   0x000020    program     static C:\Users\dilan\Desktop\Labo\EjercicioOsccon\EjercicioOsccon.asm


